 U10516045_ch7_2

 Timestamp is 5be8f481 (Mon Nov 12 11:33:21 2018)

 Preferred load address is 00400000

 Start         Length     Name                   Class
 0001:00000000 0000265cH .text                   CODE
 0001:0000265c 000011b5H .text$mn                CODE
 0002:00000000 00000144H .rdata                  DATA
 0002:00000143 00000000H .edata                  DATA
 0002:00000144 00000190H .rdata$zzzdbg           DATA
 0003:00000000 00000ba0H .data                   DATA
 0003:00000ba0 000002f2H .bss                    DATA
 0004:00000000 000000d8H .idata$5                DATA
 0004:000000d8 00000028H .idata$2                DATA
 0004:00000100 00000014H .idata$3                DATA
 0004:00000114 000000d8H .idata$4                DATA
 0004:000001ec 00000347H .idata$6                DATA
 0005:00000000 00000170H .rsrc$01                DATA
 0005:00000170 000002ccH .rsrc$02                DATA

  Address         Publics by Value              Rva+Base       Lib:Object

 0000:00000000       ___guard_fids_count        00000000     <absolute>
 0000:00000000       ___hybrid_code_map         00000000     <absolute>
 0000:00000000       ___enclave_config          00000000     <absolute>
 0000:00000000       ___hybrid_code_map_count   00000000     <absolute>
 0000:00000000       ___guard_fids_table        00000000     <absolute>
 0000:00000000       ___guard_longjmp_count     00000000     <absolute>
 0000:00000000       ___safe_se_handler_table   00000000     <absolute>
 0000:00000000       ___hybrid_auxiliary_iat    00000000     <absolute>
 0000:00000000       ___guard_longjmp_table     00000000     <absolute>
 0000:00000000       ___guard_iat_count         00000000     <absolute>
 0000:00000000       ___safe_se_handler_count   00000000     <absolute>
 0000:00000000       ___dynamic_value_reloc_table 00000000     <absolute>
 0000:00000000       ___guard_iat_table         00000000     <absolute>
 0000:00000000       ___guard_flags             00000000     <absolute>
 0001:00000210       _CloseFile@0               00401210 f   irvine32:Irvine32.obj
 0001:00000217       _Clrscr@0                  00401217 f   irvine32:Irvine32.obj
 0001:000002dc       _CreateOutputFile@0        004012dc f   irvine32:Irvine32.obj
 0001:000002f5       _Crlf@0                    004012f5 f   irvine32:Irvine32.obj
 0001:00000310       _Delay@0                   00401310 f   irvine32:Irvine32.obj
 0001:00000319       _DumpMem@0                 00401319 f   irvine32:Irvine32.obj
 0001:000003d4       _DumpRegs@0                004013d4 f   irvine32:Irvine32.obj
 0001:000005cf       _GetCommandTail@0          004015cf f   irvine32:Irvine32.obj
 0001:0000060c       _GetDateTime@4             0040160c f   irvine32:Irvine32.obj
 0001:0000063e       _GetMaxXY@0                0040163e f   irvine32:Irvine32.obj
 0001:0000066d       _GetMseconds@0             0040166d f   irvine32:Irvine32.obj
 0001:000006ca       _GetTextColor@0            004016ca f   irvine32:Irvine32.obj
 0001:000006f5       _Gotoxy@0                  004016f5 f   irvine32:Irvine32.obj
 0001:0000074d       _IsDigit@0                 0040174d f   irvine32:Irvine32.obj
 0001:0000075a       _MsgBox@0                  0040175a f   irvine32:Irvine32.obj
 0001:00000771       _MsgBoxAsk@0               00401771 f   irvine32:Irvine32.obj
 0001:00000790       _OpenInputFile@0           00401790 f   irvine32:Irvine32.obj
 0001:000007a9       _ParseDecimal32@0          004017a9 f   irvine32:Irvine32.obj
 0001:0000080b       _ParseInteger32@0          0040180b f   irvine32:Irvine32.obj
 0001:000008c6       _Random32@0                004018c6 f   irvine32:Irvine32.obj
 0001:000008e1       _RandomRange@0             004018e1 f   irvine32:Irvine32.obj
 0001:000008f6       _Randomize@0               004018f6 f   irvine32:Irvine32.obj
 0001:0000090f       _ReadChar@0                0040190f f   irvine32:Irvine32.obj
 0001:00000925       _ReadDec@0                 00401925 f   irvine32:Irvine32.obj
 0001:00000940       _ReadFromFile@0            00401940 f   irvine32:Irvine32.obj
 0001:00000963       _ReadHex@0                 00401963 f   irvine32:Irvine32.obj
 0001:000009e4       _ReadInt@0                 004019e4 f   irvine32:Irvine32.obj
 0001:000009ff       _ReadKey@0                 004019ff f   irvine32:Irvine32.obj
 0001:00000b1a       _ReadKeyFlush@0            00401b1a f   irvine32:Irvine32.obj
 0001:00000be8       _ReadString@0              00401be8 f   irvine32:Irvine32.obj
 0001:00000ca1       _SetTextColor@0            00401ca1 f   irvine32:Irvine32.obj
 0001:00000cc2       _StrLength@0               00401cc2 f   irvine32:Irvine32.obj
 0001:00000cd3       _Str_compare@8             00401cd3 f   irvine32:Irvine32.obj
 0001:00000cfd       _Str_copy@8                00401cfd f   irvine32:Irvine32.obj
 0001:00000d20       _Str_length@4              00401d20 f   irvine32:Irvine32.obj
 0001:00000d3a       _Str_trim@8                00401d3a f   irvine32:Irvine32.obj
 0001:00000d68       _Str_ucase@4               00401d68 f   irvine32:Irvine32.obj
 0001:00000d8a       _WaitMsg@0                 00401d8a f   irvine32:Irvine32.obj
 0001:00000d9c       _WriteBin@0                00401d9c f   irvine32:Irvine32.obj
 0001:00000da9       _WriteBinB@0               00401da9 f   irvine32:Irvine32.obj
 0001:00000dfc       _WriteChar@0               00401dfc f   irvine32:Irvine32.obj
 0001:00000e2e       _WriteDec@0                00401e2e f   irvine32:Irvine32.obj
 0001:00000e6f       _WriteHex@0                00401e6f f   irvine32:Irvine32.obj
 0001:00000e7c       _WriteHexB@0               00401e7c f   irvine32:Irvine32.obj
 0001:00000f0e       _WriteInt@0                00401f0e f   irvine32:Irvine32.obj
 0001:00000f6f       _WriteStackFrameName@16    00401f6f f   irvine32:Irvine32.obj
 0001:000010ef       _WriteStackFrame@12        004020ef f   irvine32:Irvine32.obj
 0001:00001109       _WriteString@0             00402109 f   irvine32:Irvine32.obj
 0001:00001135       _WriteToFile@0             00402135 f   irvine32:Irvine32.obj
 0001:0000114a       _WriteWindowsMsg@0         0040214a f   irvine32:Irvine32.obj
 0001:0000265c       _main@0                    0040365c f   U10516045_ch7_2.obj
 0001:000026d5       _multiply@0                004036d5 f   U10516045_ch7_2.obj
 0001:00002747       _ExitProcess@4             00403747 f   kernel32:KERNEL32.dll
 0001:0000274d       _CloseHandle@4             0040374d f   kernel32:KERNEL32.dll
 0001:00002753       _CreateFileA@28            00403753 f   kernel32:KERNEL32.dll
 0001:00002759       _FormatMessageA@28         00403759 f   kernel32:KERNEL32.dll
 0001:0000275f       _FlushConsoleInputBuffer@4 0040375f f   kernel32:KERNEL32.dll
 0001:00002765       _GetCommandLineA@0         00403765 f   kernel32:KERNEL32.dll
 0001:0000276b       _GetConsoleMode@8          0040376b f   kernel32:KERNEL32.dll
 0001:00002771       _GetConsoleScreenBufferInfo@8 00403771 f   kernel32:KERNEL32.dll
 0001:00002777       _GetLastError@0            00403777 f   kernel32:KERNEL32.dll
 0001:0000277d       _GetLocalTime@4            0040377d f   kernel32:KERNEL32.dll
 0001:00002783       _GetStdHandle@4            00403783 f   kernel32:KERNEL32.dll
 0001:00002789       _GetSystemTime@4           00403789 f   kernel32:KERNEL32.dll
 0001:0000278f       _LocalFree@4               0040378f f   kernel32:KERNEL32.dll
 0001:00002795       _PeekConsoleInputA@16      00403795 f   kernel32:KERNEL32.dll
 0001:0000279b       _ReadConsoleA@20           0040379b f   kernel32:KERNEL32.dll
 0001:000027a1       _ReadConsoleInputA@16      004037a1 f   kernel32:KERNEL32.dll
 0001:000027a7       _ReadFile@20               004037a7 f   kernel32:KERNEL32.dll
 0001:000027ad       _SetConsoleCursorPosition@8 004037ad f   kernel32:KERNEL32.dll
 0001:000027b3       _SetConsoleMode@8          004037b3 f   kernel32:KERNEL32.dll
 0001:000027b9       _SetConsoleTextAttribute@8 004037b9 f   kernel32:KERNEL32.dll
 0001:000027bf       _Sleep@4                   004037bf f   kernel32:KERNEL32.dll
 0001:000027c5       _SystemTimeToFileTime@8    004037c5 f   kernel32:KERNEL32.dll
 0001:000027cb       _WriteConsoleA@20          004037cb f   kernel32:KERNEL32.dll
 0001:000027d1       _WriteConsoleOutputCharacterA@20 004037d1 f   kernel32:KERNEL32.dll
 0001:000027d7       _WriteConsoleOutputAttribute@20 004037d7 f   kernel32:KERNEL32.dll
 0001:000027dd       _WriteFile@20              004037dd f   kernel32:KERNEL32.dll
 0001:000027e3       _MessageBoxA@16            004037e3 f   user32:USER32.dll
 0004:00000000       __imp__ExitProcess@4       00407000     kernel32:KERNEL32.dll
 0004:00000004       __imp__CloseHandle@4       00407004     kernel32:KERNEL32.dll
 0004:00000008       __imp__CreateFileA@28      00407008     kernel32:KERNEL32.dll
 0004:0000000c       __imp__FormatMessageA@28   0040700c     kernel32:KERNEL32.dll
 0004:00000010       __imp__FlushConsoleInputBuffer@4 00407010     kernel32:KERNEL32.dll
 0004:00000014       __imp__GetCommandLineA@0   00407014     kernel32:KERNEL32.dll
 0004:00000018       __imp__GetConsoleMode@8    00407018     kernel32:KERNEL32.dll
 0004:0000001c       __imp__GetConsoleScreenBufferInfo@8 0040701c     kernel32:KERNEL32.dll
 0004:00000020       __imp__GetLastError@0      00407020     kernel32:KERNEL32.dll
 0004:00000024       __imp__GetLocalTime@4      00407024     kernel32:KERNEL32.dll
 0004:00000028       __imp__GetStdHandle@4      00407028     kernel32:KERNEL32.dll
 0004:0000002c       __imp__GetSystemTime@4     0040702c     kernel32:KERNEL32.dll
 0004:00000030       __imp__LocalFree@4         00407030     kernel32:KERNEL32.dll
 0004:00000034       __imp__PeekConsoleInputA@16 00407034     kernel32:KERNEL32.dll
 0004:00000038       __imp__ReadConsoleA@20     00407038     kernel32:KERNEL32.dll
 0004:0000003c       __imp__ReadConsoleInputA@16 0040703c     kernel32:KERNEL32.dll
 0004:00000040       __imp__ReadFile@20         00407040     kernel32:KERNEL32.dll
 0004:00000044       __imp__SetConsoleCursorPosition@8 00407044     kernel32:KERNEL32.dll
 0004:00000048       __imp__SetConsoleMode@8    00407048     kernel32:KERNEL32.dll
 0004:0000004c       __imp__SetConsoleTextAttribute@8 0040704c     kernel32:KERNEL32.dll
 0004:00000050       __imp__Sleep@4             00407050     kernel32:KERNEL32.dll
 0004:00000054       __imp__SystemTimeToFileTime@8 00407054     kernel32:KERNEL32.dll
 0004:00000058       __imp__WriteConsoleA@20    00407058     kernel32:KERNEL32.dll
 0004:0000005c       __imp__WriteConsoleOutputCharacterA@20 0040705c     kernel32:KERNEL32.dll
 0004:00000060       __imp__WriteConsoleOutputAttribute@20 00407060     kernel32:KERNEL32.dll
 0004:00000064       __imp__WriteFile@20        00407064     kernel32:KERNEL32.dll
 0004:00000068       \177KERNEL32_NULL_THUNK_DATA 00407068     kernel32:KERNEL32.dll
 0004:000000a8       __imp__MessageBoxA@16      004070a8     user32:USER32.dll
 0004:000000ac       \177USER32_NULL_THUNK_DATA 004070ac     user32:USER32.dll
 0004:000000d8       __IMPORT_DESCRIPTOR_KERNEL32 004070d8     kernel32:KERNEL32.dll
 0004:000000ec       __IMPORT_DESCRIPTOR_USER32 004070ec     user32:USER32.dll
 0004:00000100       __NULL_IMPORT_DESCRIPTOR   00407100     kernel32:KERNEL32.dll

 entry point at        0001:00000055

 Static symbols

 0000:ffff6000       .debug$S                   00400000     kernel32:KERNEL32.dll
 0000:ffff6000       .debug$S                   00400000     kernel32:KERNEL32.dll
 0000:ffff6000       .debug$S                   00400000     user32:USER32.dll
 0000:ffff6000       .debug$S                   00400000     kernel32:KERNEL32.dll
 0000:ffff6000       .debug$S                   00400000     kernel32:KERNEL32.dll
 0000:ffff6000       .debug$S                   00400000     kernel32:KERNEL32.dll
 0000:ffff6000       .debug$S                   00400000     kernel32:KERNEL32.dll
 0000:ffff6000       .debug$S                   00400000     kernel32:KERNEL32.dll
 0000:ffff6000       .debug$S                   00400000     kernel32:KERNEL32.dll
 0000:ffff6000       .debug$S                   00400000     kernel32:KERNEL32.dll
 0000:ffff6000       .debug$S                   00400000     kernel32:KERNEL32.dll
 0000:ffff6000       .debug$S                   00400000     kernel32:KERNEL32.dll
 0000:ffff6000       .debug$S                   00400000     kernel32:KERNEL32.dll
 0000:ffff6000       .debug$S                   00400000     kernel32:KERNEL32.dll
 0000:ffff6000       .debug$S                   00400000     kernel32:KERNEL32.dll
 0000:ffff6000       .debug$S                   00400000     kernel32:KERNEL32.dll
 0000:ffff6000       .debug$S                   00400000     kernel32:KERNEL32.dll
 0000:ffff6000       .debug$S                   00400000     kernel32:KERNEL32.dll
 0000:ffff6000       .debug$S                   00400000     kernel32:KERNEL32.dll
 0000:ffff6000       .debug$S                   00400000     kernel32:KERNEL32.dll
 0000:ffff6000       .debug$S                   00400000     kernel32:KERNEL32.dll
 0000:ffff6000       .debug$S                   00400000     kernel32:KERNEL32.dll
 0000:ffff6000       .debug$S                   00400000     kernel32:KERNEL32.dll
 0000:ffff6000       .debug$S                   00400000     kernel32:KERNEL32.dll
 0000:ffff6000       .debug$S                   00400000     kernel32:KERNEL32.dll
 0000:ffff6000       .debug$S                   00400000     kernel32:KERNEL32.dll
 0000:ffff6000       .debug$S                   00400000     kernel32:KERNEL32.dll
 0001:00000604       _scan_for_quote@0          00401604 f   irvine32:Irvine32.obj
 0001:0000072b       _Initialize@0              0040172b f   irvine32:Irvine32.obj
 0001:00000b2f       _ReadKeyTranslate@0        00401b2f f   irvine32:Irvine32.obj
 0001:000011a5       _AsciiDigit@0              004021a5 f   irvine32:Irvine32.obj
 0001:000011ae       _HexByte@0                 004021ae f   irvine32:Irvine32.obj
 0001:0000265c       $$000000                   0040365c     U10516045_ch7_2.obj
 0003:00000000       msg1                       00406000     U10516045_ch7_2.obj
 0003:00000014       msg2                       00406014     U10516045_ch7_2.obj
 0003:00000023       msg3                       00406023     U10516045_ch7_2.obj
 0003:00000030       msg4                       00406030     U10516045_ch7_2.obj
 0003:00000041       msg5                       00406041     U10516045_ch7_2.obj
 0003:00000045       multiplicand               00406045     U10516045_ch7_2.obj
 0003:0000004d       multiplier                 0040604d     U10516045_ch7_2.obj
 0003:00000070       InitFlag                   00406070     irvine32:Irvine32.obj
 0003:00000071       xtable                     00406071     irvine32:Irvine32.obj
 0003:00000081       blanks                     00406081     irvine32:Irvine32.obj
 0003:00000281       attribs                    00406281     irvine32:Irvine32.obj
 0003:00000681       lineLength                 00406681     irvine32:Irvine32.obj
 0003:00000685       cursorLoc                  00406685     irvine32:Irvine32.obj
 0003:00000689       count                      00406689     irvine32:Irvine32.obj
 0003:0000068d       ??0002                     0040668d     irvine32:Irvine32.obj
 0003:00000692       dumpPrompt                 00406692     irvine32:Irvine32.obj
 0003:000006a4       dashLine                   004066a4     irvine32:Irvine32.obj
 0003:000006c6       ??0003                     004066c6     irvine32:Irvine32.obj
 0003:000006c9       ??0004                     004066c9     irvine32:Irvine32.obj
 0003:000006cb       ??0005                     004066cb     irvine32:Irvine32.obj
 0003:000006cd       saveIP                     004066cd     irvine32:Irvine32.obj
 0003:000006d1       saveESP                    004066d1     irvine32:Irvine32.obj
 0003:000006d5       ??0006                     004066d5     irvine32:Irvine32.obj
 0003:000006dc       ??0007                     004066dc     irvine32:Irvine32.obj
 0003:000006e3       ??0008                     004066e3     irvine32:Irvine32.obj
 0003:000006ea       ??0009                     004066ea     irvine32:Irvine32.obj
 0003:000006f1       ??000A                     004066f1     irvine32:Irvine32.obj
 0003:000006f8       ??000B                     004066f8     irvine32:Irvine32.obj
 0003:000006ff       ??000C                     004066ff     irvine32:Irvine32.obj
 0003:00000706       ??000D                     00406706     irvine32:Irvine32.obj
 0003:0000070d       ??000E                     0040670d     irvine32:Irvine32.obj
 0003:00000714       ??000F                     00406714     irvine32:Irvine32.obj
 0003:0000071b       ??0010                     0040671b     irvine32:Irvine32.obj
 0003:00000720       ??0011                     00406720     irvine32:Irvine32.obj
 0003:00000722       ??0013                     00406722     irvine32:Irvine32.obj
 0003:00000727       ??0014                     00406727     irvine32:Irvine32.obj
 0003:00000729       ??0016                     00406729     irvine32:Irvine32.obj
 0003:0000072e       ??0017                     0040672e     irvine32:Irvine32.obj
 0003:00000730       ??0019                     00406730     irvine32:Irvine32.obj
 0003:00000735       ??001A                     00406735     irvine32:Irvine32.obj
 0003:00000737       ??001C                     00406737     irvine32:Irvine32.obj
 0003:0000073c       ??001D                     0040673c     irvine32:Irvine32.obj
 0003:0000073e       ??001F                     0040673e     irvine32:Irvine32.obj
 0003:00000743       ??0020                     00406743     irvine32:Irvine32.obj
 0003:00000745       _cursorPosition            00406745     irvine32:Irvine32.obj
 0003:00000749       @zx02abc_def_caption       00406749     irvine32:Irvine32.obj
 0003:0000074b       @zq02abc_def_caption       0040674b     irvine32:Irvine32.obj
 0003:0000074d       overflow_msgL              0040674d     irvine32:Irvine32.obj
 0003:00000768       invalid_msgL               00406768     irvine32:Irvine32.obj
 0003:0000077b       seed                       0040677b     irvine32:Irvine32.obj
 0003:0000077f       xbtable                    0040677f     irvine32:Irvine32.obj
 0003:00000796       numVal                     00406796     irvine32:Irvine32.obj
 0003:0000079a       charVal                    0040679a     irvine32:Irvine32.obj
 0003:0000079b       evBuffer                   0040679b     irvine32:Irvine32.obj
 0003:000007af       evRepeat                   004067af     irvine32:Irvine32.obj
 0003:000007b1       SpecialCases               004067b1     irvine32:Irvine32.obj
 0003:000007f2       _$$temp                    004067f2     irvine32:Irvine32.obj
 0003:000007f6       waitmsgstr                 004067f6     irvine32:Irvine32.obj
 0003:00000813       bufferL                    00406813     irvine32:Irvine32.obj
 0003:00000820       bufferLHB                  00406820     irvine32:Irvine32.obj
 0003:00000829       buffer_B                   00406829     irvine32:Irvine32.obj
 0003:00000836       neg_flag                   00406836     irvine32:Irvine32.obj
 0003:00000837       LblStack                   00406837     irvine32:Irvine32.obj
 0003:00000844       LblFor                     00406844     irvine32:Irvine32.obj
 0003:00000849       LblEbp                     00406849     irvine32:Irvine32.obj
 0003:0000084f       LblParam                   0040684f     irvine32:Irvine32.obj
 0003:0000085c       LblEbpPtr                  0040685c     irvine32:Irvine32.obj
 0003:00000872       LblSaved                   00406872     irvine32:Irvine32.obj
 0003:00000884       LblLocal                   00406884     irvine32:Irvine32.obj
 0003:00000896       LblReturn                  00406896     irvine32:Irvine32.obj
 0003:000008a8       LblEsp                     004068a8     irvine32:Irvine32.obj
 0003:000008b4       BadStackFrameMsg           004068b4     irvine32:Irvine32.obj
 0003:000008cf       NoName                     004068cf     irvine32:Irvine32.obj
 0003:000008d0       WriteToFile_1              004068d0     irvine32:Irvine32.obj
 0003:000008d4       WriteWindowsMsg_1          004068d4     irvine32:Irvine32.obj
 0003:000008db       WriteWindowsMsg_2          004068db     irvine32:Irvine32.obj
 0003:000008de       pErrorMsg                  004068de     irvine32:Irvine32.obj
 0003:000008e2       messageId                  004068e2     irvine32:Irvine32.obj
 0003:00000ba0       consoleInHandle            00406ba0     irvine32:Irvine32.obj
 0003:00000ba4       consoleOutHandle           00406ba4     irvine32:Irvine32.obj
 0003:00000ba8       bytesWritten               00406ba8     irvine32:Irvine32.obj
 0003:00000bac       eflags                     00406bac     irvine32:Irvine32.obj
 0003:00000bb0       digitBuffer                00406bb0     irvine32:Irvine32.obj
 0003:00000c01       buffer                     00406c01     irvine32:Irvine32.obj
 0003:00000e01       bytesRead                  00406e01     irvine32:Irvine32.obj
 0003:00000e05       sysTime                    00406e05     irvine32:Irvine32.obj
 0004:000003d6       .idata$6                   004073d6     kernel32:KERNEL32.dll
 0004:000003f2       .idata$6                   004073f2     user32:USER32.dll
 0005:00000170       $R000000                   00408170     * linker generated manifest res *
