 U10516045_CH8_2

 Timestamp is 5bfb63c6 (Mon Nov 26 11:08:54 2018)

 Preferred load address is 00400000

 Start         Length     Name                   Class
 0001:00000000 0000265cH .text                   CODE
 0001:0000265c 00001217H .text$mn                CODE
 0002:00000000 00000144H .rdata                  DATA
 0002:00000143 00000000H .edata                  DATA
 0002:00000144 00000190H .rdata$zzzdbg           DATA
 0003:00000000 00000bd0H .data                   DATA
 0003:00000bd0 000002f2H .bss                    DATA
 0004:00000000 000000d8H .idata$5                DATA
 0004:000000d8 00000028H .idata$2                DATA
 0004:00000100 00000014H .idata$3                DATA
 0004:00000114 000000d8H .idata$4                DATA
 0004:000001ec 00000347H .idata$6                DATA
 0005:00000000 00000170H .rsrc$01                DATA
 0005:00000170 000002ccH .rsrc$02                DATA

  Address         Publics by Value              Rva+Base       Lib:Object

 0000:00000000       ___guard_fids_count        00000000     <absolute>
 0000:00000000       ___hybrid_code_map         00000000     <absolute>
 0000:00000000       ___enclave_config          00000000     <absolute>
 0000:00000000       ___hybrid_code_map_count   00000000     <absolute>
 0000:00000000       ___guard_fids_table        00000000     <absolute>
 0000:00000000       ___guard_longjmp_count     00000000     <absolute>
 0000:00000000       ___safe_se_handler_table   00000000     <absolute>
 0000:00000000       ___hybrid_auxiliary_iat    00000000     <absolute>
 0000:00000000       ___guard_longjmp_table     00000000     <absolute>
 0000:00000000       ___guard_iat_count         00000000     <absolute>
 0000:00000000       ___safe_se_handler_count   00000000     <absolute>
 0000:00000000       ___dynamic_value_reloc_table 00000000     <absolute>
 0000:00000000       ___guard_iat_table         00000000     <absolute>
 0000:00000000       ___guard_flags             00000000     <absolute>
 0001:00000210       _CloseFile@0               00401210 f   irvine32:Irvine32.obj
 0001:00000217       _Clrscr@0                  00401217 f   irvine32:Irvine32.obj
 0001:000002dc       _CreateOutputFile@0        004012dc f   irvine32:Irvine32.obj
 0001:000002f5       _Crlf@0                    004012f5 f   irvine32:Irvine32.obj
 0001:00000310       _Delay@0                   00401310 f   irvine32:Irvine32.obj
 0001:00000319       _DumpMem@0                 00401319 f   irvine32:Irvine32.obj
 0001:000003d4       _DumpRegs@0                004013d4 f   irvine32:Irvine32.obj
 0001:000005cf       _GetCommandTail@0          004015cf f   irvine32:Irvine32.obj
 0001:0000060c       _GetDateTime@4             0040160c f   irvine32:Irvine32.obj
 0001:0000063e       _GetMaxXY@0                0040163e f   irvine32:Irvine32.obj
 0001:0000066d       _GetMseconds@0             0040166d f   irvine32:Irvine32.obj
 0001:000006ca       _GetTextColor@0            004016ca f   irvine32:Irvine32.obj
 0001:000006f5       _Gotoxy@0                  004016f5 f   irvine32:Irvine32.obj
 0001:0000074d       _IsDigit@0                 0040174d f   irvine32:Irvine32.obj
 0001:0000075a       _MsgBox@0                  0040175a f   irvine32:Irvine32.obj
 0001:00000771       _MsgBoxAsk@0               00401771 f   irvine32:Irvine32.obj
 0001:00000790       _OpenInputFile@0           00401790 f   irvine32:Irvine32.obj
 0001:000007a9       _ParseDecimal32@0          004017a9 f   irvine32:Irvine32.obj
 0001:0000080b       _ParseInteger32@0          0040180b f   irvine32:Irvine32.obj
 0001:000008c6       _Random32@0                004018c6 f   irvine32:Irvine32.obj
 0001:000008e1       _RandomRange@0             004018e1 f   irvine32:Irvine32.obj
 0001:000008f6       _Randomize@0               004018f6 f   irvine32:Irvine32.obj
 0001:0000090f       _ReadChar@0                0040190f f   irvine32:Irvine32.obj
 0001:00000925       _ReadDec@0                 00401925 f   irvine32:Irvine32.obj
 0001:00000940       _ReadFromFile@0            00401940 f   irvine32:Irvine32.obj
 0001:00000963       _ReadHex@0                 00401963 f   irvine32:Irvine32.obj
 0001:000009e4       _ReadInt@0                 004019e4 f   irvine32:Irvine32.obj
 0001:000009ff       _ReadKey@0                 004019ff f   irvine32:Irvine32.obj
 0001:00000b1a       _ReadKeyFlush@0            00401b1a f   irvine32:Irvine32.obj
 0001:00000be8       _ReadString@0              00401be8 f   irvine32:Irvine32.obj
 0001:00000ca1       _SetTextColor@0            00401ca1 f   irvine32:Irvine32.obj
 0001:00000cc2       _StrLength@0               00401cc2 f   irvine32:Irvine32.obj
 0001:00000cd3       _Str_compare@8             00401cd3 f   irvine32:Irvine32.obj
 0001:00000cfd       _Str_copy@8                00401cfd f   irvine32:Irvine32.obj
 0001:00000d20       _Str_length@4              00401d20 f   irvine32:Irvine32.obj
 0001:00000d3a       _Str_trim@8                00401d3a f   irvine32:Irvine32.obj
 0001:00000d68       _Str_ucase@4               00401d68 f   irvine32:Irvine32.obj
 0001:00000d8a       _WaitMsg@0                 00401d8a f   irvine32:Irvine32.obj
 0001:00000d9c       _WriteBin@0                00401d9c f   irvine32:Irvine32.obj
 0001:00000da9       _WriteBinB@0               00401da9 f   irvine32:Irvine32.obj
 0001:00000dfc       _WriteChar@0               00401dfc f   irvine32:Irvine32.obj
 0001:00000e2e       _WriteDec@0                00401e2e f   irvine32:Irvine32.obj
 0001:00000e6f       _WriteHex@0                00401e6f f   irvine32:Irvine32.obj
 0001:00000e7c       _WriteHexB@0               00401e7c f   irvine32:Irvine32.obj
 0001:00000f0e       _WriteInt@0                00401f0e f   irvine32:Irvine32.obj
 0001:00000f6f       _WriteStackFrameName@16    00401f6f f   irvine32:Irvine32.obj
 0001:000010ef       _WriteStackFrame@12        004020ef f   irvine32:Irvine32.obj
 0001:00001109       _WriteString@0             00402109 f   irvine32:Irvine32.obj
 0001:00001135       _WriteToFile@0             00402135 f   irvine32:Irvine32.obj
 0001:0000114a       _WriteWindowsMsg@0         0040214a f   irvine32:Irvine32.obj
 0001:0000265c       _main@0                    0040365c f   U10516045_CH8_2.obj
 0001:000027a8       _ExitProcess@4             004037a8 f   kernel32:KERNEL32.dll
 0001:000027ae       _CloseHandle@4             004037ae f   kernel32:KERNEL32.dll
 0001:000027b4       _CreateFileA@28            004037b4 f   kernel32:KERNEL32.dll
 0001:000027ba       _FormatMessageA@28         004037ba f   kernel32:KERNEL32.dll
 0001:000027c0       _FlushConsoleInputBuffer@4 004037c0 f   kernel32:KERNEL32.dll
 0001:000027c6       _GetCommandLineA@0         004037c6 f   kernel32:KERNEL32.dll
 0001:000027cc       _GetConsoleMode@8          004037cc f   kernel32:KERNEL32.dll
 0001:000027d2       _GetConsoleScreenBufferInfo@8 004037d2 f   kernel32:KERNEL32.dll
 0001:000027d8       _GetLastError@0            004037d8 f   kernel32:KERNEL32.dll
 0001:000027de       _GetLocalTime@4            004037de f   kernel32:KERNEL32.dll
 0001:000027e4       _GetStdHandle@4            004037e4 f   kernel32:KERNEL32.dll
 0001:000027ea       _GetSystemTime@4           004037ea f   kernel32:KERNEL32.dll
 0001:000027f0       _LocalFree@4               004037f0 f   kernel32:KERNEL32.dll
 0001:000027f6       _PeekConsoleInputA@16      004037f6 f   kernel32:KERNEL32.dll
 0001:000027fc       _ReadConsoleA@20           004037fc f   kernel32:KERNEL32.dll
 0001:00002802       _ReadConsoleInputA@16      00403802 f   kernel32:KERNEL32.dll
 0001:00002808       _ReadFile@20               00403808 f   kernel32:KERNEL32.dll
 0001:0000280e       _SetConsoleCursorPosition@8 0040380e f   kernel32:KERNEL32.dll
 0001:00002814       _SetConsoleMode@8          00403814 f   kernel32:KERNEL32.dll
 0001:0000281a       _SetConsoleTextAttribute@8 0040381a f   kernel32:KERNEL32.dll
 0001:00002820       _Sleep@4                   00403820 f   kernel32:KERNEL32.dll
 0001:00002826       _SystemTimeToFileTime@8    00403826 f   kernel32:KERNEL32.dll
 0001:0000282c       _WriteConsoleA@20          0040382c f   kernel32:KERNEL32.dll
 0001:00002832       _WriteConsoleOutputCharacterA@20 00403832 f   kernel32:KERNEL32.dll
 0001:00002838       _WriteConsoleOutputAttribute@20 00403838 f   kernel32:KERNEL32.dll
 0001:0000283e       _WriteFile@20              0040383e f   kernel32:KERNEL32.dll
 0001:00002844       _MessageBoxA@16            00403844 f   user32:USER32.dll
 0004:00000000       __imp__ExitProcess@4       00407000     kernel32:KERNEL32.dll
 0004:00000004       __imp__CloseHandle@4       00407004     kernel32:KERNEL32.dll
 0004:00000008       __imp__CreateFileA@28      00407008     kernel32:KERNEL32.dll
 0004:0000000c       __imp__FormatMessageA@28   0040700c     kernel32:KERNEL32.dll
 0004:00000010       __imp__FlushConsoleInputBuffer@4 00407010     kernel32:KERNEL32.dll
 0004:00000014       __imp__GetCommandLineA@0   00407014     kernel32:KERNEL32.dll
 0004:00000018       __imp__GetConsoleMode@8    00407018     kernel32:KERNEL32.dll
 0004:0000001c       __imp__GetConsoleScreenBufferInfo@8 0040701c     kernel32:KERNEL32.dll
 0004:00000020       __imp__GetLastError@0      00407020     kernel32:KERNEL32.dll
 0004:00000024       __imp__GetLocalTime@4      00407024     kernel32:KERNEL32.dll
 0004:00000028       __imp__GetStdHandle@4      00407028     kernel32:KERNEL32.dll
 0004:0000002c       __imp__GetSystemTime@4     0040702c     kernel32:KERNEL32.dll
 0004:00000030       __imp__LocalFree@4         00407030     kernel32:KERNEL32.dll
 0004:00000034       __imp__PeekConsoleInputA@16 00407034     kernel32:KERNEL32.dll
 0004:00000038       __imp__ReadConsoleA@20     00407038     kernel32:KERNEL32.dll
 0004:0000003c       __imp__ReadConsoleInputA@16 0040703c     kernel32:KERNEL32.dll
 0004:00000040       __imp__ReadFile@20         00407040     kernel32:KERNEL32.dll
 0004:00000044       __imp__SetConsoleCursorPosition@8 00407044     kernel32:KERNEL32.dll
 0004:00000048       __imp__SetConsoleMode@8    00407048     kernel32:KERNEL32.dll
 0004:0000004c       __imp__SetConsoleTextAttribute@8 0040704c     kernel32:KERNEL32.dll
 0004:00000050       __imp__Sleep@4             00407050     kernel32:KERNEL32.dll
 0004:00000054       __imp__SystemTimeToFileTime@8 00407054     kernel32:KERNEL32.dll
 0004:00000058       __imp__WriteConsoleA@20    00407058     kernel32:KERNEL32.dll
 0004:0000005c       __imp__WriteConsoleOutputCharacterA@20 0040705c     kernel32:KERNEL32.dll
 0004:00000060       __imp__WriteConsoleOutputAttribute@20 00407060     kernel32:KERNEL32.dll
 0004:00000064       __imp__WriteFile@20        00407064     kernel32:KERNEL32.dll
 0004:00000068       \177KERNEL32_NULL_THUNK_DATA 00407068     kernel32:KERNEL32.dll
 0004:000000a8       __imp__MessageBoxA@16      004070a8     user32:USER32.dll
 0004:000000ac       \177USER32_NULL_THUNK_DATA 004070ac     user32:USER32.dll
 0004:000000d8       __IMPORT_DESCRIPTOR_KERNEL32 004070d8     kernel32:KERNEL32.dll
 0004:000000ec       __IMPORT_DESCRIPTOR_USER32 004070ec     user32:USER32.dll
 0004:00000100       __NULL_IMPORT_DESCRIPTOR   00407100     kernel32:KERNEL32.dll

 entry point at        0001:00000055

 Static symbols

 0000:ffff6000       .debug$S                   00400000     kernel32:KERNEL32.dll
 0000:ffff6000       .debug$S                   00400000     kernel32:KERNEL32.dll
 0000:ffff6000       .debug$S                   00400000     user32:USER32.dll
 0000:ffff6000       .debug$S                   00400000     kernel32:KERNEL32.dll
 0000:ffff6000       .debug$S                   00400000     kernel32:KERNEL32.dll
 0000:ffff6000       .debug$S                   00400000     kernel32:KERNEL32.dll
 0000:ffff6000       .debug$S                   00400000     kernel32:KERNEL32.dll
 0000:ffff6000       .debug$S                   00400000     kernel32:KERNEL32.dll
 0000:ffff6000       .debug$S                   00400000     kernel32:KERNEL32.dll
 0000:ffff6000       .debug$S                   00400000     kernel32:KERNEL32.dll
 0000:ffff6000       .debug$S                   00400000     kernel32:KERNEL32.dll
 0000:ffff6000       .debug$S                   00400000     kernel32:KERNEL32.dll
 0000:ffff6000       .debug$S                   00400000     kernel32:KERNEL32.dll
 0000:ffff6000       .debug$S                   00400000     kernel32:KERNEL32.dll
 0000:ffff6000       .debug$S                   00400000     kernel32:KERNEL32.dll
 0000:ffff6000       .debug$S                   00400000     kernel32:KERNEL32.dll
 0000:ffff6000       .debug$S                   00400000     kernel32:KERNEL32.dll
 0000:ffff6000       .debug$S                   00400000     kernel32:KERNEL32.dll
 0000:ffff6000       .debug$S                   00400000     kernel32:KERNEL32.dll
 0000:ffff6000       .debug$S                   00400000     kernel32:KERNEL32.dll
 0000:ffff6000       .debug$S                   00400000     kernel32:KERNEL32.dll
 0000:ffff6000       .debug$S                   00400000     kernel32:KERNEL32.dll
 0000:ffff6000       .debug$S                   00400000     kernel32:KERNEL32.dll
 0000:ffff6000       .debug$S                   00400000     kernel32:KERNEL32.dll
 0000:ffff6000       .debug$S                   00400000     kernel32:KERNEL32.dll
 0000:ffff6000       .debug$S                   00400000     kernel32:KERNEL32.dll
 0000:ffff6000       .debug$S                   00400000     kernel32:KERNEL32.dll
 0001:00000604       _scan_for_quote@0          00401604 f   irvine32:Irvine32.obj
 0001:0000072b       _Initialize@0              0040172b f   irvine32:Irvine32.obj
 0001:00000b2f       _ReadKeyTranslate@0        00401b2f f   irvine32:Irvine32.obj
 0001:000011a5       _AsciiDigit@0              004021a5 f   irvine32:Irvine32.obj
 0001:000011ae       _HexByte@0                 004021ae f   irvine32:Irvine32.obj
 0001:0000265c       $$000000                   0040365c     U10516045_CH8_2.obj
 0003:00000000       msg1                       00406000     U10516045_CH8_2.obj
 0003:00000022       inval                      00406022     U10516045_CH8_2.obj
 0003:00000026       msg2                       00406026     U10516045_CH8_2.obj
 0003:0000004b       base                       0040604b     U10516045_CH8_2.obj
 0003:0000004f       msg3                       0040604f     U10516045_CH8_2.obj
 0003:00000060       msg4                       00406060     U10516045_CH8_2.obj
 0003:00000075       temp                       00406075     U10516045_CH8_2.obj
 0003:000000a0       InitFlag                   004060a0     irvine32:Irvine32.obj
 0003:000000a1       xtable                     004060a1     irvine32:Irvine32.obj
 0003:000000b1       blanks                     004060b1     irvine32:Irvine32.obj
 0003:000002b1       attribs                    004062b1     irvine32:Irvine32.obj
 0003:000006b1       lineLength                 004066b1     irvine32:Irvine32.obj
 0003:000006b5       cursorLoc                  004066b5     irvine32:Irvine32.obj
 0003:000006b9       count                      004066b9     irvine32:Irvine32.obj
 0003:000006bd       ??0002                     004066bd     irvine32:Irvine32.obj
 0003:000006c2       dumpPrompt                 004066c2     irvine32:Irvine32.obj
 0003:000006d4       dashLine                   004066d4     irvine32:Irvine32.obj
 0003:000006f6       ??0003                     004066f6     irvine32:Irvine32.obj
 0003:000006f9       ??0004                     004066f9     irvine32:Irvine32.obj
 0003:000006fb       ??0005                     004066fb     irvine32:Irvine32.obj
 0003:000006fd       saveIP                     004066fd     irvine32:Irvine32.obj
 0003:00000701       saveESP                    00406701     irvine32:Irvine32.obj
 0003:00000705       ??0006                     00406705     irvine32:Irvine32.obj
 0003:0000070c       ??0007                     0040670c     irvine32:Irvine32.obj
 0003:00000713       ??0008                     00406713     irvine32:Irvine32.obj
 0003:0000071a       ??0009                     0040671a     irvine32:Irvine32.obj
 0003:00000721       ??000A                     00406721     irvine32:Irvine32.obj
 0003:00000728       ??000B                     00406728     irvine32:Irvine32.obj
 0003:0000072f       ??000C                     0040672f     irvine32:Irvine32.obj
 0003:00000736       ??000D                     00406736     irvine32:Irvine32.obj
 0003:0000073d       ??000E                     0040673d     irvine32:Irvine32.obj
 0003:00000744       ??000F                     00406744     irvine32:Irvine32.obj
 0003:0000074b       ??0010                     0040674b     irvine32:Irvine32.obj
 0003:00000750       ??0011                     00406750     irvine32:Irvine32.obj
 0003:00000752       ??0013                     00406752     irvine32:Irvine32.obj
 0003:00000757       ??0014                     00406757     irvine32:Irvine32.obj
 0003:00000759       ??0016                     00406759     irvine32:Irvine32.obj
 0003:0000075e       ??0017                     0040675e     irvine32:Irvine32.obj
 0003:00000760       ??0019                     00406760     irvine32:Irvine32.obj
 0003:00000765       ??001A                     00406765     irvine32:Irvine32.obj
 0003:00000767       ??001C                     00406767     irvine32:Irvine32.obj
 0003:0000076c       ??001D                     0040676c     irvine32:Irvine32.obj
 0003:0000076e       ??001F                     0040676e     irvine32:Irvine32.obj
 0003:00000773       ??0020                     00406773     irvine32:Irvine32.obj
 0003:00000775       _cursorPosition            00406775     irvine32:Irvine32.obj
 0003:00000779       @zx02abc_def_caption       00406779     irvine32:Irvine32.obj
 0003:0000077b       @zq02abc_def_caption       0040677b     irvine32:Irvine32.obj
 0003:0000077d       overflow_msgL              0040677d     irvine32:Irvine32.obj
 0003:00000798       invalid_msgL               00406798     irvine32:Irvine32.obj
 0003:000007ab       seed                       004067ab     irvine32:Irvine32.obj
 0003:000007af       xbtable                    004067af     irvine32:Irvine32.obj
 0003:000007c6       numVal                     004067c6     irvine32:Irvine32.obj
 0003:000007ca       charVal                    004067ca     irvine32:Irvine32.obj
 0003:000007cb       evBuffer                   004067cb     irvine32:Irvine32.obj
 0003:000007df       evRepeat                   004067df     irvine32:Irvine32.obj
 0003:000007e1       SpecialCases               004067e1     irvine32:Irvine32.obj
 0003:00000822       _$$temp                    00406822     irvine32:Irvine32.obj
 0003:00000826       waitmsgstr                 00406826     irvine32:Irvine32.obj
 0003:00000843       bufferL                    00406843     irvine32:Irvine32.obj
 0003:00000850       bufferLHB                  00406850     irvine32:Irvine32.obj
 0003:00000859       buffer_B                   00406859     irvine32:Irvine32.obj
 0003:00000866       neg_flag                   00406866     irvine32:Irvine32.obj
 0003:00000867       LblStack                   00406867     irvine32:Irvine32.obj
 0003:00000874       LblFor                     00406874     irvine32:Irvine32.obj
 0003:00000879       LblEbp                     00406879     irvine32:Irvine32.obj
 0003:0000087f       LblParam                   0040687f     irvine32:Irvine32.obj
 0003:0000088c       LblEbpPtr                  0040688c     irvine32:Irvine32.obj
 0003:000008a2       LblSaved                   004068a2     irvine32:Irvine32.obj
 0003:000008b4       LblLocal                   004068b4     irvine32:Irvine32.obj
 0003:000008c6       LblReturn                  004068c6     irvine32:Irvine32.obj
 0003:000008d8       LblEsp                     004068d8     irvine32:Irvine32.obj
 0003:000008e4       BadStackFrameMsg           004068e4     irvine32:Irvine32.obj
 0003:000008ff       NoName                     004068ff     irvine32:Irvine32.obj
 0003:00000900       WriteToFile_1              00406900     irvine32:Irvine32.obj
 0003:00000904       WriteWindowsMsg_1          00406904     irvine32:Irvine32.obj
 0003:0000090b       WriteWindowsMsg_2          0040690b     irvine32:Irvine32.obj
 0003:0000090e       pErrorMsg                  0040690e     irvine32:Irvine32.obj
 0003:00000912       messageId                  00406912     irvine32:Irvine32.obj
 0003:00000bd0       consoleInHandle            00406bd0     irvine32:Irvine32.obj
 0003:00000bd4       consoleOutHandle           00406bd4     irvine32:Irvine32.obj
 0003:00000bd8       bytesWritten               00406bd8     irvine32:Irvine32.obj
 0003:00000bdc       eflags                     00406bdc     irvine32:Irvine32.obj
 0003:00000be0       digitBuffer                00406be0     irvine32:Irvine32.obj
 0003:00000c31       buffer                     00406c31     irvine32:Irvine32.obj
 0003:00000e31       bytesRead                  00406e31     irvine32:Irvine32.obj
 0003:00000e35       sysTime                    00406e35     irvine32:Irvine32.obj
 0004:000003d6       .idata$6                   004073d6     kernel32:KERNEL32.dll
 0004:000003f2       .idata$6                   004073f2     user32:USER32.dll
 0005:00000170       $R000000                   00408170     * linker generated manifest res *
