 U10516045_ch8_4

 Timestamp is 5c049fd2 (Mon Dec  3 11:15:30 2018)

 Preferred load address is 00400000

 Start         Length     Name                   Class
 0001:00000000 00002670H .text                   CODE
 0001:00002670 00001205H .text$mn                CODE
 0002:00000000 00000144H .rdata                  DATA
 0002:00000143 00000000H .edata                  DATA
 0002:00000144 00000190H .rdata$zzzdbg           DATA
 0003:00000000 00000b70H .data                   DATA
 0003:00000b70 000002f2H .bss                    DATA
 0004:00000000 000000d8H .idata$5                DATA
 0004:000000d8 00000028H .idata$2                DATA
 0004:00000100 00000014H .idata$3                DATA
 0004:00000114 000000d8H .idata$4                DATA
 0004:000001ec 00000347H .idata$6                DATA
 0005:00000000 00000170H .rsrc$01                DATA
 0005:00000170 000002ccH .rsrc$02                DATA

  Address         Publics by Value              Rva+Base       Lib:Object

 0000:00000000       ___guard_fids_count        00000000     <absolute>
 0000:00000000       ___hybrid_code_map         00000000     <absolute>
 0000:00000000       ___enclave_config          00000000     <absolute>
 0000:00000000       ___hybrid_code_map_count   00000000     <absolute>
 0000:00000000       ___guard_fids_table        00000000     <absolute>
 0000:00000000       ___guard_longjmp_count     00000000     <absolute>
 0000:00000000       ___safe_se_handler_table   00000000     <absolute>
 0000:00000000       ___hybrid_auxiliary_iat    00000000     <absolute>
 0000:00000000       ___guard_longjmp_table     00000000     <absolute>
 0000:00000000       ___guard_iat_count         00000000     <absolute>
 0000:00000000       ___safe_se_handler_count   00000000     <absolute>
 0000:00000000       ___dynamic_value_reloc_table 00000000     <absolute>
 0000:00000000       ___guard_iat_table         00000000     <absolute>
 0000:00000000       ___guard_flags             00000000     <absolute>
 0001:00000220       _CloseFile@0               00401220 f   irvine32:Irvine32.obj
 0001:00000227       _Clrscr@0                  00401227 f   irvine32:Irvine32.obj
 0001:000002ec       _CreateOutputFile@0        004012ec f   irvine32:Irvine32.obj
 0001:00000305       _Crlf@0                    00401305 f   irvine32:Irvine32.obj
 0001:00000320       _Delay@0                   00401320 f   irvine32:Irvine32.obj
 0001:00000329       _DumpMem@0                 00401329 f   irvine32:Irvine32.obj
 0001:000003e4       _DumpRegs@0                004013e4 f   irvine32:Irvine32.obj
 0001:000005df       _GetCommandTail@0          004015df f   irvine32:Irvine32.obj
 0001:0000061c       _GetDateTime@4             0040161c f   irvine32:Irvine32.obj
 0001:0000064e       _GetMaxXY@0                0040164e f   irvine32:Irvine32.obj
 0001:0000067d       _GetMseconds@0             0040167d f   irvine32:Irvine32.obj
 0001:000006da       _GetTextColor@0            004016da f   irvine32:Irvine32.obj
 0001:00000705       _Gotoxy@0                  00401705 f   irvine32:Irvine32.obj
 0001:0000075d       _IsDigit@0                 0040175d f   irvine32:Irvine32.obj
 0001:0000076a       _MsgBox@0                  0040176a f   irvine32:Irvine32.obj
 0001:00000781       _MsgBoxAsk@0               00401781 f   irvine32:Irvine32.obj
 0001:000007a0       _OpenInputFile@0           004017a0 f   irvine32:Irvine32.obj
 0001:000007b9       _ParseDecimal32@0          004017b9 f   irvine32:Irvine32.obj
 0001:0000081b       _ParseInteger32@0          0040181b f   irvine32:Irvine32.obj
 0001:000008d6       _Random32@0                004018d6 f   irvine32:Irvine32.obj
 0001:000008f1       _RandomRange@0             004018f1 f   irvine32:Irvine32.obj
 0001:00000906       _Randomize@0               00401906 f   irvine32:Irvine32.obj
 0001:0000091f       _ReadChar@0                0040191f f   irvine32:Irvine32.obj
 0001:00000935       _ReadDec@0                 00401935 f   irvine32:Irvine32.obj
 0001:00000950       _ReadFromFile@0            00401950 f   irvine32:Irvine32.obj
 0001:00000973       _ReadHex@0                 00401973 f   irvine32:Irvine32.obj
 0001:000009f4       _ReadInt@0                 004019f4 f   irvine32:Irvine32.obj
 0001:00000a0f       _ReadKey@0                 00401a0f f   irvine32:Irvine32.obj
 0001:00000b2a       _ReadKeyFlush@0            00401b2a f   irvine32:Irvine32.obj
 0001:00000bf8       _ReadString@0              00401bf8 f   irvine32:Irvine32.obj
 0001:00000cb1       _SetTextColor@0            00401cb1 f   irvine32:Irvine32.obj
 0001:00000cd2       _StrLength@0               00401cd2 f   irvine32:Irvine32.obj
 0001:00000ce3       _Str_compare@8             00401ce3 f   irvine32:Irvine32.obj
 0001:00000d0d       _Str_copy@8                00401d0d f   irvine32:Irvine32.obj
 0001:00000d30       _Str_length@4              00401d30 f   irvine32:Irvine32.obj
 0001:00000d4a       _Str_trim@8                00401d4a f   irvine32:Irvine32.obj
 0001:00000d78       _Str_ucase@4               00401d78 f   irvine32:Irvine32.obj
 0001:00000d9a       _WaitMsg@0                 00401d9a f   irvine32:Irvine32.obj
 0001:00000dac       _WriteBin@0                00401dac f   irvine32:Irvine32.obj
 0001:00000db9       _WriteBinB@0               00401db9 f   irvine32:Irvine32.obj
 0001:00000e0c       _WriteChar@0               00401e0c f   irvine32:Irvine32.obj
 0001:00000e3e       _WriteDec@0                00401e3e f   irvine32:Irvine32.obj
 0001:00000e7f       _WriteHex@0                00401e7f f   irvine32:Irvine32.obj
 0001:00000e8c       _WriteHexB@0               00401e8c f   irvine32:Irvine32.obj
 0001:00000f1e       _WriteInt@0                00401f1e f   irvine32:Irvine32.obj
 0001:00000f7f       _WriteStackFrameName@16    00401f7f f   irvine32:Irvine32.obj
 0001:000010ff       _WriteStackFrame@12        004020ff f   irvine32:Irvine32.obj
 0001:00001119       _WriteString@0             00402119 f   irvine32:Irvine32.obj
 0001:00001145       _WriteToFile@0             00402145 f   irvine32:Irvine32.obj
 0001:0000115a       _WriteWindowsMsg@0         0040215a f   irvine32:Irvine32.obj
 0001:00002670       _BinomialCoefficient@4     00403670 f   binomialcoefficient.obj
 0001:000026f0       _Combination@12            004036f0 f   combination.obj
 0001:00002740       _main@0                    00403740 f   U10516045_ch8_4.obj
 0001:000027a9       _ExitProcess@4             004037a9 f   kernel32:KERNEL32.dll
 0001:000027af       _CloseHandle@4             004037af f   kernel32:KERNEL32.dll
 0001:000027b5       _CreateFileA@28            004037b5 f   kernel32:KERNEL32.dll
 0001:000027bb       _FormatMessageA@28         004037bb f   kernel32:KERNEL32.dll
 0001:000027c1       _FlushConsoleInputBuffer@4 004037c1 f   kernel32:KERNEL32.dll
 0001:000027c7       _GetCommandLineA@0         004037c7 f   kernel32:KERNEL32.dll
 0001:000027cd       _GetConsoleMode@8          004037cd f   kernel32:KERNEL32.dll
 0001:000027d3       _GetConsoleScreenBufferInfo@8 004037d3 f   kernel32:KERNEL32.dll
 0001:000027d9       _GetLastError@0            004037d9 f   kernel32:KERNEL32.dll
 0001:000027df       _GetLocalTime@4            004037df f   kernel32:KERNEL32.dll
 0001:000027e5       _GetStdHandle@4            004037e5 f   kernel32:KERNEL32.dll
 0001:000027eb       _GetSystemTime@4           004037eb f   kernel32:KERNEL32.dll
 0001:000027f1       _LocalFree@4               004037f1 f   kernel32:KERNEL32.dll
 0001:000027f7       _PeekConsoleInputA@16      004037f7 f   kernel32:KERNEL32.dll
 0001:000027fd       _ReadConsoleA@20           004037fd f   kernel32:KERNEL32.dll
 0001:00002803       _ReadConsoleInputA@16      00403803 f   kernel32:KERNEL32.dll
 0001:00002809       _ReadFile@20               00403809 f   kernel32:KERNEL32.dll
 0001:0000280f       _SetConsoleCursorPosition@8 0040380f f   kernel32:KERNEL32.dll
 0001:00002815       _SetConsoleMode@8          00403815 f   kernel32:KERNEL32.dll
 0001:0000281b       _SetConsoleTextAttribute@8 0040381b f   kernel32:KERNEL32.dll
 0001:00002821       _Sleep@4                   00403821 f   kernel32:KERNEL32.dll
 0001:00002827       _SystemTimeToFileTime@8    00403827 f   kernel32:KERNEL32.dll
 0001:0000282d       _WriteConsoleA@20          0040382d f   kernel32:KERNEL32.dll
 0001:00002833       _WriteConsoleOutputCharacterA@20 00403833 f   kernel32:KERNEL32.dll
 0001:00002839       _WriteConsoleOutputAttribute@20 00403839 f   kernel32:KERNEL32.dll
 0001:0000283f       _WriteFile@20              0040383f f   kernel32:KERNEL32.dll
 0001:00002845       _MessageBoxA@16            00403845 f   user32:USER32.dll
 0004:00000000       __imp__ExitProcess@4       00407000     kernel32:KERNEL32.dll
 0004:00000004       __imp__CloseHandle@4       00407004     kernel32:KERNEL32.dll
 0004:00000008       __imp__CreateFileA@28      00407008     kernel32:KERNEL32.dll
 0004:0000000c       __imp__FormatMessageA@28   0040700c     kernel32:KERNEL32.dll
 0004:00000010       __imp__FlushConsoleInputBuffer@4 00407010     kernel32:KERNEL32.dll
 0004:00000014       __imp__GetCommandLineA@0   00407014     kernel32:KERNEL32.dll
 0004:00000018       __imp__GetConsoleMode@8    00407018     kernel32:KERNEL32.dll
 0004:0000001c       __imp__GetConsoleScreenBufferInfo@8 0040701c     kernel32:KERNEL32.dll
 0004:00000020       __imp__GetLastError@0      00407020     kernel32:KERNEL32.dll
 0004:00000024       __imp__GetLocalTime@4      00407024     kernel32:KERNEL32.dll
 0004:00000028       __imp__GetStdHandle@4      00407028     kernel32:KERNEL32.dll
 0004:0000002c       __imp__GetSystemTime@4     0040702c     kernel32:KERNEL32.dll
 0004:00000030       __imp__LocalFree@4         00407030     kernel32:KERNEL32.dll
 0004:00000034       __imp__PeekConsoleInputA@16 00407034     kernel32:KERNEL32.dll
 0004:00000038       __imp__ReadConsoleA@20     00407038     kernel32:KERNEL32.dll
 0004:0000003c       __imp__ReadConsoleInputA@16 0040703c     kernel32:KERNEL32.dll
 0004:00000040       __imp__ReadFile@20         00407040     kernel32:KERNEL32.dll
 0004:00000044       __imp__SetConsoleCursorPosition@8 00407044     kernel32:KERNEL32.dll
 0004:00000048       __imp__SetConsoleMode@8    00407048     kernel32:KERNEL32.dll
 0004:0000004c       __imp__SetConsoleTextAttribute@8 0040704c     kernel32:KERNEL32.dll
 0004:00000050       __imp__Sleep@4             00407050     kernel32:KERNEL32.dll
 0004:00000054       __imp__SystemTimeToFileTime@8 00407054     kernel32:KERNEL32.dll
 0004:00000058       __imp__WriteConsoleA@20    00407058     kernel32:KERNEL32.dll
 0004:0000005c       __imp__WriteConsoleOutputCharacterA@20 0040705c     kernel32:KERNEL32.dll
 0004:00000060       __imp__WriteConsoleOutputAttribute@20 00407060     kernel32:KERNEL32.dll
 0004:00000064       __imp__WriteFile@20        00407064     kernel32:KERNEL32.dll
 0004:00000068       \177KERNEL32_NULL_THUNK_DATA 00407068     kernel32:KERNEL32.dll
 0004:000000a8       __imp__MessageBoxA@16      004070a8     user32:USER32.dll
 0004:000000ac       \177USER32_NULL_THUNK_DATA 004070ac     user32:USER32.dll
 0004:000000d8       __IMPORT_DESCRIPTOR_KERNEL32 004070d8     kernel32:KERNEL32.dll
 0004:000000ec       __IMPORT_DESCRIPTOR_USER32 004070ec     user32:USER32.dll
 0004:00000100       __NULL_IMPORT_DESCRIPTOR   00407100     kernel32:KERNEL32.dll

 entry point at        0001:00000055

 Static symbols

 0000:ffff6000       .debug$S                   00400000     kernel32:KERNEL32.dll
 0000:ffff6000       .debug$S                   00400000     kernel32:KERNEL32.dll
 0000:ffff6000       .debug$S                   00400000     kernel32:KERNEL32.dll
 0000:ffff6000       .debug$S                   00400000     user32:USER32.dll
 0000:ffff6000       .debug$S                   00400000     kernel32:KERNEL32.dll
 0000:ffff6000       .debug$S                   00400000     kernel32:KERNEL32.dll
 0000:ffff6000       .debug$S                   00400000     kernel32:KERNEL32.dll
 0000:ffff6000       .debug$S                   00400000     kernel32:KERNEL32.dll
 0000:ffff6000       .debug$S                   00400000     kernel32:KERNEL32.dll
 0000:ffff6000       .debug$S                   00400000     kernel32:KERNEL32.dll
 0000:ffff6000       .debug$S                   00400000     kernel32:KERNEL32.dll
 0000:ffff6000       .debug$S                   00400000     kernel32:KERNEL32.dll
 0000:ffff6000       .debug$S                   00400000     kernel32:KERNEL32.dll
 0000:ffff6000       .debug$S                   00400000     kernel32:KERNEL32.dll
 0000:ffff6000       .debug$S                   00400000     kernel32:KERNEL32.dll
 0000:ffff6000       .debug$S                   00400000     kernel32:KERNEL32.dll
 0000:ffff6000       .debug$S                   00400000     kernel32:KERNEL32.dll
 0000:ffff6000       .debug$S                   00400000     kernel32:KERNEL32.dll
 0000:ffff6000       .debug$S                   00400000     kernel32:KERNEL32.dll
 0000:ffff6000       .debug$S                   00400000     kernel32:KERNEL32.dll
 0000:ffff6000       .debug$S                   00400000     kernel32:KERNEL32.dll
 0000:ffff6000       .debug$S                   00400000     kernel32:KERNEL32.dll
 0000:ffff6000       .debug$S                   00400000     kernel32:KERNEL32.dll
 0000:ffff6000       .debug$S                   00400000     kernel32:KERNEL32.dll
 0000:ffff6000       .debug$S                   00400000     kernel32:KERNEL32.dll
 0000:ffff6000       .debug$S                   00400000     kernel32:KERNEL32.dll
 0000:ffff6000       .debug$S                   00400000     kernel32:KERNEL32.dll
 0001:00000614       _scan_for_quote@0          00401614 f   irvine32:Irvine32.obj
 0001:0000073b       _Initialize@0              0040173b f   irvine32:Irvine32.obj
 0001:00000b3f       _ReadKeyTranslate@0        00401b3f f   irvine32:Irvine32.obj
 0001:000011b5       _AsciiDigit@0              004021b5 f   irvine32:Irvine32.obj
 0001:000011be       _HexByte@0                 004021be f   irvine32:Irvine32.obj
 0001:00002670       $$000000                   00403670     binomialcoefficient.obj
 0001:000026f0       $$000000                   004036f0     combination.obj
 0001:00002740       $$000000                   00403740     U10516045_ch8_4.obj
 0003:00000000       msg1                       00406000     U10516045_ch8_4.obj
 0003:0000001f       inval                      0040601f     U10516045_ch8_4.obj
 0003:00000023       msg2                       00406023     U10516045_ch8_4.obj
 0003:00000040       InitFlag                   00406040     irvine32:Irvine32.obj
 0003:00000041       xtable                     00406041     irvine32:Irvine32.obj
 0003:00000051       blanks                     00406051     irvine32:Irvine32.obj
 0003:00000251       attribs                    00406251     irvine32:Irvine32.obj
 0003:00000651       lineLength                 00406651     irvine32:Irvine32.obj
 0003:00000655       cursorLoc                  00406655     irvine32:Irvine32.obj
 0003:00000659       count                      00406659     irvine32:Irvine32.obj
 0003:0000065d       ??0002                     0040665d     irvine32:Irvine32.obj
 0003:00000662       dumpPrompt                 00406662     irvine32:Irvine32.obj
 0003:00000674       dashLine                   00406674     irvine32:Irvine32.obj
 0003:00000696       ??0003                     00406696     irvine32:Irvine32.obj
 0003:00000699       ??0004                     00406699     irvine32:Irvine32.obj
 0003:0000069b       ??0005                     0040669b     irvine32:Irvine32.obj
 0003:0000069d       saveIP                     0040669d     irvine32:Irvine32.obj
 0003:000006a1       saveESP                    004066a1     irvine32:Irvine32.obj
 0003:000006a5       ??0006                     004066a5     irvine32:Irvine32.obj
 0003:000006ac       ??0007                     004066ac     irvine32:Irvine32.obj
 0003:000006b3       ??0008                     004066b3     irvine32:Irvine32.obj
 0003:000006ba       ??0009                     004066ba     irvine32:Irvine32.obj
 0003:000006c1       ??000A                     004066c1     irvine32:Irvine32.obj
 0003:000006c8       ??000B                     004066c8     irvine32:Irvine32.obj
 0003:000006cf       ??000C                     004066cf     irvine32:Irvine32.obj
 0003:000006d6       ??000D                     004066d6     irvine32:Irvine32.obj
 0003:000006dd       ??000E                     004066dd     irvine32:Irvine32.obj
 0003:000006e4       ??000F                     004066e4     irvine32:Irvine32.obj
 0003:000006eb       ??0010                     004066eb     irvine32:Irvine32.obj
 0003:000006f0       ??0011                     004066f0     irvine32:Irvine32.obj
 0003:000006f2       ??0013                     004066f2     irvine32:Irvine32.obj
 0003:000006f7       ??0014                     004066f7     irvine32:Irvine32.obj
 0003:000006f9       ??0016                     004066f9     irvine32:Irvine32.obj
 0003:000006fe       ??0017                     004066fe     irvine32:Irvine32.obj
 0003:00000700       ??0019                     00406700     irvine32:Irvine32.obj
 0003:00000705       ??001A                     00406705     irvine32:Irvine32.obj
 0003:00000707       ??001C                     00406707     irvine32:Irvine32.obj
 0003:0000070c       ??001D                     0040670c     irvine32:Irvine32.obj
 0003:0000070e       ??001F                     0040670e     irvine32:Irvine32.obj
 0003:00000713       ??0020                     00406713     irvine32:Irvine32.obj
 0003:00000715       _cursorPosition            00406715     irvine32:Irvine32.obj
 0003:00000719       @zx02abc_def_caption       00406719     irvine32:Irvine32.obj
 0003:0000071b       @zq02abc_def_caption       0040671b     irvine32:Irvine32.obj
 0003:0000071d       overflow_msgL              0040671d     irvine32:Irvine32.obj
 0003:00000738       invalid_msgL               00406738     irvine32:Irvine32.obj
 0003:0000074b       seed                       0040674b     irvine32:Irvine32.obj
 0003:0000074f       xbtable                    0040674f     irvine32:Irvine32.obj
 0003:00000766       numVal                     00406766     irvine32:Irvine32.obj
 0003:0000076a       charVal                    0040676a     irvine32:Irvine32.obj
 0003:0000076b       evBuffer                   0040676b     irvine32:Irvine32.obj
 0003:0000077f       evRepeat                   0040677f     irvine32:Irvine32.obj
 0003:00000781       SpecialCases               00406781     irvine32:Irvine32.obj
 0003:000007c2       _$$temp                    004067c2     irvine32:Irvine32.obj
 0003:000007c6       waitmsgstr                 004067c6     irvine32:Irvine32.obj
 0003:000007e3       bufferL                    004067e3     irvine32:Irvine32.obj
 0003:000007f0       bufferLHB                  004067f0     irvine32:Irvine32.obj
 0003:000007f9       buffer_B                   004067f9     irvine32:Irvine32.obj
 0003:00000806       neg_flag                   00406806     irvine32:Irvine32.obj
 0003:00000807       LblStack                   00406807     irvine32:Irvine32.obj
 0003:00000814       LblFor                     00406814     irvine32:Irvine32.obj
 0003:00000819       LblEbp                     00406819     irvine32:Irvine32.obj
 0003:0000081f       LblParam                   0040681f     irvine32:Irvine32.obj
 0003:0000082c       LblEbpPtr                  0040682c     irvine32:Irvine32.obj
 0003:00000842       LblSaved                   00406842     irvine32:Irvine32.obj
 0003:00000854       LblLocal                   00406854     irvine32:Irvine32.obj
 0003:00000866       LblReturn                  00406866     irvine32:Irvine32.obj
 0003:00000878       LblEsp                     00406878     irvine32:Irvine32.obj
 0003:00000884       BadStackFrameMsg           00406884     irvine32:Irvine32.obj
 0003:0000089f       NoName                     0040689f     irvine32:Irvine32.obj
 0003:000008a0       WriteToFile_1              004068a0     irvine32:Irvine32.obj
 0003:000008a4       WriteWindowsMsg_1          004068a4     irvine32:Irvine32.obj
 0003:000008ab       WriteWindowsMsg_2          004068ab     irvine32:Irvine32.obj
 0003:000008ae       pErrorMsg                  004068ae     irvine32:Irvine32.obj
 0003:000008b2       messageId                  004068b2     irvine32:Irvine32.obj
 0003:00000b70       consoleInHandle            00406b70     irvine32:Irvine32.obj
 0003:00000b74       consoleOutHandle           00406b74     irvine32:Irvine32.obj
 0003:00000b78       bytesWritten               00406b78     irvine32:Irvine32.obj
 0003:00000b7c       eflags                     00406b7c     irvine32:Irvine32.obj
 0003:00000b80       digitBuffer                00406b80     irvine32:Irvine32.obj
 0003:00000bd1       buffer                     00406bd1     irvine32:Irvine32.obj
 0003:00000dd1       bytesRead                  00406dd1     irvine32:Irvine32.obj
 0003:00000dd5       sysTime                    00406dd5     irvine32:Irvine32.obj
 0004:000003d6       .idata$6                   004073d6     kernel32:KERNEL32.dll
 0004:000003f2       .idata$6                   004073f2     user32:USER32.dll
 0005:00000170       $R000000                   00408170     * linker generated manifest res *
