 U10516045_ch5_1

 Timestamp is 5bc40496 (Mon Oct 15 11:08:06 2018)

 Preferred load address is 00400000

 Start         Length     Name                   Class
 0001:00000000 00002684H .text                   CODE
 0001:00002684 0000122dH .text$mn                CODE
 0002:00000000 00000144H .rdata                  DATA
 0002:00000143 00000000H .edata                  DATA
 0002:00000144 00000190H .rdata$zzzdbg           DATA
 0003:00000000 00000dc0H .data                   DATA
 0003:00000dc0 000002f2H .bss                    DATA
 0004:00000000 000000d8H .idata$5                DATA
 0004:000000d8 00000028H .idata$2                DATA
 0004:00000100 00000014H .idata$3                DATA
 0004:00000114 000000d8H .idata$4                DATA
 0004:000001ec 00000347H .idata$6                DATA
 0005:00000000 00000170H .rsrc$01                DATA
 0005:00000170 000002ccH .rsrc$02                DATA

  Address         Publics by Value              Rva+Base       Lib:Object

 0000:00000000       ___guard_fids_count        00000000     <absolute>
 0000:00000000       ___hybrid_code_map         00000000     <absolute>
 0000:00000000       ___enclave_config          00000000     <absolute>
 0000:00000000       ___hybrid_code_map_count   00000000     <absolute>
 0000:00000000       ___guard_fids_table        00000000     <absolute>
 0000:00000000       ___guard_longjmp_count     00000000     <absolute>
 0000:00000000       ___safe_se_handler_table   00000000     <absolute>
 0000:00000000       ___hybrid_auxiliary_iat    00000000     <absolute>
 0000:00000000       ___guard_longjmp_table     00000000     <absolute>
 0000:00000000       ___guard_iat_count         00000000     <absolute>
 0000:00000000       ___safe_se_handler_count   00000000     <absolute>
 0000:00000000       ___dynamic_value_reloc_table 00000000     <absolute>
 0000:00000000       ___guard_iat_table         00000000     <absolute>
 0000:00000000       ___guard_flags             00000000     <absolute>
 0001:00000230       _CloseFile@0               00401230 f   Irvine32:Irvine32.obj
 0001:00000237       _Clrscr@0                  00401237 f   Irvine32:Irvine32.obj
 0001:000002fc       _CreateOutputFile@0        004012fc f   Irvine32:Irvine32.obj
 0001:00000315       _Crlf@0                    00401315 f   Irvine32:Irvine32.obj
 0001:00000330       _Delay@0                   00401330 f   Irvine32:Irvine32.obj
 0001:00000339       _DumpMem@0                 00401339 f   Irvine32:Irvine32.obj
 0001:000003f4       _DumpRegs@0                004013f4 f   Irvine32:Irvine32.obj
 0001:000005ef       _GetCommandTail@0          004015ef f   Irvine32:Irvine32.obj
 0001:0000062c       _GetDateTime@4             0040162c f   Irvine32:Irvine32.obj
 0001:0000065e       _GetMaxXY@0                0040165e f   Irvine32:Irvine32.obj
 0001:0000068d       _GetMseconds@0             0040168d f   Irvine32:Irvine32.obj
 0001:000006ea       _GetTextColor@0            004016ea f   Irvine32:Irvine32.obj
 0001:00000715       _Gotoxy@0                  00401715 f   Irvine32:Irvine32.obj
 0001:0000076d       _IsDigit@0                 0040176d f   Irvine32:Irvine32.obj
 0001:0000077a       _MsgBox@0                  0040177a f   Irvine32:Irvine32.obj
 0001:00000791       _MsgBoxAsk@0               00401791 f   Irvine32:Irvine32.obj
 0001:000007b0       _OpenInputFile@0           004017b0 f   Irvine32:Irvine32.obj
 0001:000007c9       _ParseDecimal32@0          004017c9 f   Irvine32:Irvine32.obj
 0001:0000082b       _ParseInteger32@0          0040182b f   Irvine32:Irvine32.obj
 0001:000008e6       _Random32@0                004018e6 f   Irvine32:Irvine32.obj
 0001:00000901       _RandomRange@0             00401901 f   Irvine32:Irvine32.obj
 0001:00000916       _Randomize@0               00401916 f   Irvine32:Irvine32.obj
 0001:0000092f       _ReadChar@0                0040192f f   Irvine32:Irvine32.obj
 0001:00000945       _ReadDec@0                 00401945 f   Irvine32:Irvine32.obj
 0001:00000960       _ReadFromFile@0            00401960 f   Irvine32:Irvine32.obj
 0001:00000983       _ReadHex@0                 00401983 f   Irvine32:Irvine32.obj
 0001:00000a04       _ReadInt@0                 00401a04 f   Irvine32:Irvine32.obj
 0001:00000a1f       _ReadKey@0                 00401a1f f   Irvine32:Irvine32.obj
 0001:00000b3a       _ReadKeyFlush@0            00401b3a f   Irvine32:Irvine32.obj
 0001:00000c08       _ReadString@0              00401c08 f   Irvine32:Irvine32.obj
 0001:00000cc1       _SetTextColor@0            00401cc1 f   Irvine32:Irvine32.obj
 0001:00000ce2       _StrLength@0               00401ce2 f   Irvine32:Irvine32.obj
 0001:00000cf3       _Str_compare@8             00401cf3 f   Irvine32:Irvine32.obj
 0001:00000d1d       _Str_copy@8                00401d1d f   Irvine32:Irvine32.obj
 0001:00000d40       _Str_length@4              00401d40 f   Irvine32:Irvine32.obj
 0001:00000d5a       _Str_trim@8                00401d5a f   Irvine32:Irvine32.obj
 0001:00000d88       _Str_ucase@4               00401d88 f   Irvine32:Irvine32.obj
 0001:00000daa       _WaitMsg@0                 00401daa f   Irvine32:Irvine32.obj
 0001:00000dbc       _WriteBin@0                00401dbc f   Irvine32:Irvine32.obj
 0001:00000dc9       _WriteBinB@0               00401dc9 f   Irvine32:Irvine32.obj
 0001:00000e1c       _WriteChar@0               00401e1c f   Irvine32:Irvine32.obj
 0001:00000e4e       _WriteDec@0                00401e4e f   Irvine32:Irvine32.obj
 0001:00000e8f       _WriteHex@0                00401e8f f   Irvine32:Irvine32.obj
 0001:00000e9c       _WriteHexB@0               00401e9c f   Irvine32:Irvine32.obj
 0001:00000f2e       _WriteInt@0                00401f2e f   Irvine32:Irvine32.obj
 0001:00000f8f       _WriteStackFrameName@16    00401f8f f   Irvine32:Irvine32.obj
 0001:0000110f       _WriteStackFrame@12        0040210f f   Irvine32:Irvine32.obj
 0001:00001129       _WriteString@0             00402129 f   Irvine32:Irvine32.obj
 0001:00001155       _WriteToFile@0             00402155 f   Irvine32:Irvine32.obj
 0001:0000116a       _WriteWindowsMsg@0         0040216a f   Irvine32:Irvine32.obj
 0001:00002684       _main@0                    00403684 f   U10516045_ch5_1.obj
 0001:00002763       _BetterRandomRange@0       00403763 f   U10516045_ch5_1.obj
 0001:0000276d       _WriteIntegerArray@0       0040376d f   U10516045_ch5_1.obj
 0001:00002788       _ReverseIntegerArray@0     00403788 f   U10516045_ch5_1.obj
 0001:000027e7       _ExitProcess@4             004037e7 f   kernel32:KERNEL32.dll
 0001:000027ed       _CloseHandle@4             004037ed f   kernel32:KERNEL32.dll
 0001:000027f3       _CreateFileA@28            004037f3 f   kernel32:KERNEL32.dll
 0001:000027f9       _FormatMessageA@28         004037f9 f   kernel32:KERNEL32.dll
 0001:000027ff       _FlushConsoleInputBuffer@4 004037ff f   kernel32:KERNEL32.dll
 0001:00002805       _GetCommandLineA@0         00403805 f   kernel32:KERNEL32.dll
 0001:0000280b       _GetConsoleMode@8          0040380b f   kernel32:KERNEL32.dll
 0001:00002811       _GetConsoleScreenBufferInfo@8 00403811 f   kernel32:KERNEL32.dll
 0001:00002817       _GetLastError@0            00403817 f   kernel32:KERNEL32.dll
 0001:0000281d       _GetLocalTime@4            0040381d f   kernel32:KERNEL32.dll
 0001:00002823       _GetStdHandle@4            00403823 f   kernel32:KERNEL32.dll
 0001:00002829       _GetSystemTime@4           00403829 f   kernel32:KERNEL32.dll
 0001:0000282f       _LocalFree@4               0040382f f   kernel32:KERNEL32.dll
 0001:00002835       _PeekConsoleInputA@16      00403835 f   kernel32:KERNEL32.dll
 0001:0000283b       _ReadConsoleA@20           0040383b f   kernel32:KERNEL32.dll
 0001:00002841       _ReadConsoleInputA@16      00403841 f   kernel32:KERNEL32.dll
 0001:00002847       _ReadFile@20               00403847 f   kernel32:KERNEL32.dll
 0001:0000284d       _SetConsoleCursorPosition@8 0040384d f   kernel32:KERNEL32.dll
 0001:00002853       _SetConsoleMode@8          00403853 f   kernel32:KERNEL32.dll
 0001:00002859       _SetConsoleTextAttribute@8 00403859 f   kernel32:KERNEL32.dll
 0001:0000285f       _Sleep@4                   0040385f f   kernel32:KERNEL32.dll
 0001:00002865       _SystemTimeToFileTime@8    00403865 f   kernel32:KERNEL32.dll
 0001:0000286b       _WriteConsoleA@20          0040386b f   kernel32:KERNEL32.dll
 0001:00002871       _WriteConsoleOutputCharacterA@20 00403871 f   kernel32:KERNEL32.dll
 0001:00002877       _WriteConsoleOutputAttribute@20 00403877 f   kernel32:KERNEL32.dll
 0001:0000287d       _WriteFile@20              0040387d f   kernel32:KERNEL32.dll
 0001:00002883       _MessageBoxA@16            00403883 f   user32:USER32.dll
 0004:00000000       __imp__ExitProcess@4       00408000     kernel32:KERNEL32.dll
 0004:00000004       __imp__CloseHandle@4       00408004     kernel32:KERNEL32.dll
 0004:00000008       __imp__CreateFileA@28      00408008     kernel32:KERNEL32.dll
 0004:0000000c       __imp__FormatMessageA@28   0040800c     kernel32:KERNEL32.dll
 0004:00000010       __imp__FlushConsoleInputBuffer@4 00408010     kernel32:KERNEL32.dll
 0004:00000014       __imp__GetCommandLineA@0   00408014     kernel32:KERNEL32.dll
 0004:00000018       __imp__GetConsoleMode@8    00408018     kernel32:KERNEL32.dll
 0004:0000001c       __imp__GetConsoleScreenBufferInfo@8 0040801c     kernel32:KERNEL32.dll
 0004:00000020       __imp__GetLastError@0      00408020     kernel32:KERNEL32.dll
 0004:00000024       __imp__GetLocalTime@4      00408024     kernel32:KERNEL32.dll
 0004:00000028       __imp__GetStdHandle@4      00408028     kernel32:KERNEL32.dll
 0004:0000002c       __imp__GetSystemTime@4     0040802c     kernel32:KERNEL32.dll
 0004:00000030       __imp__LocalFree@4         00408030     kernel32:KERNEL32.dll
 0004:00000034       __imp__PeekConsoleInputA@16 00408034     kernel32:KERNEL32.dll
 0004:00000038       __imp__ReadConsoleA@20     00408038     kernel32:KERNEL32.dll
 0004:0000003c       __imp__ReadConsoleInputA@16 0040803c     kernel32:KERNEL32.dll
 0004:00000040       __imp__ReadFile@20         00408040     kernel32:KERNEL32.dll
 0004:00000044       __imp__SetConsoleCursorPosition@8 00408044     kernel32:KERNEL32.dll
 0004:00000048       __imp__SetConsoleMode@8    00408048     kernel32:KERNEL32.dll
 0004:0000004c       __imp__SetConsoleTextAttribute@8 0040804c     kernel32:KERNEL32.dll
 0004:00000050       __imp__Sleep@4             00408050     kernel32:KERNEL32.dll
 0004:00000054       __imp__SystemTimeToFileTime@8 00408054     kernel32:KERNEL32.dll
 0004:00000058       __imp__WriteConsoleA@20    00408058     kernel32:KERNEL32.dll
 0004:0000005c       __imp__WriteConsoleOutputCharacterA@20 0040805c     kernel32:KERNEL32.dll
 0004:00000060       __imp__WriteConsoleOutputAttribute@20 00408060     kernel32:KERNEL32.dll
 0004:00000064       __imp__WriteFile@20        00408064     kernel32:KERNEL32.dll
 0004:00000068       \177KERNEL32_NULL_THUNK_DATA 00408068     kernel32:KERNEL32.dll
 0004:000000a8       __imp__MessageBoxA@16      004080a8     user32:USER32.dll
 0004:000000ac       \177USER32_NULL_THUNK_DATA 004080ac     user32:USER32.dll
 0004:000000d8       __IMPORT_DESCRIPTOR_KERNEL32 004080d8     kernel32:KERNEL32.dll
 0004:000000ec       __IMPORT_DESCRIPTOR_USER32 004080ec     user32:USER32.dll
 0004:00000100       __NULL_IMPORT_DESCRIPTOR   00408100     kernel32:KERNEL32.dll

 entry point at        0001:00000055

 Static symbols

 0000:ffff5000       .debug$S                   00400000     kernel32:KERNEL32.dll
 0000:ffff5000       .debug$S                   00400000     kernel32:KERNEL32.dll
 0000:ffff5000       .debug$S                   00400000     user32:USER32.dll
 0000:ffff5000       .debug$S                   00400000     kernel32:KERNEL32.dll
 0000:ffff5000       .debug$S                   00400000     kernel32:KERNEL32.dll
 0000:ffff5000       .debug$S                   00400000     kernel32:KERNEL32.dll
 0000:ffff5000       .debug$S                   00400000     kernel32:KERNEL32.dll
 0000:ffff5000       .debug$S                   00400000     kernel32:KERNEL32.dll
 0000:ffff5000       .debug$S                   00400000     kernel32:KERNEL32.dll
 0000:ffff5000       .debug$S                   00400000     kernel32:KERNEL32.dll
 0000:ffff5000       .debug$S                   00400000     kernel32:KERNEL32.dll
 0000:ffff5000       .debug$S                   00400000     kernel32:KERNEL32.dll
 0000:ffff5000       .debug$S                   00400000     kernel32:KERNEL32.dll
 0000:ffff5000       .debug$S                   00400000     kernel32:KERNEL32.dll
 0000:ffff5000       .debug$S                   00400000     kernel32:KERNEL32.dll
 0000:ffff5000       .debug$S                   00400000     kernel32:KERNEL32.dll
 0000:ffff5000       .debug$S                   00400000     kernel32:KERNEL32.dll
 0000:ffff5000       .debug$S                   00400000     kernel32:KERNEL32.dll
 0000:ffff5000       .debug$S                   00400000     kernel32:KERNEL32.dll
 0000:ffff5000       .debug$S                   00400000     kernel32:KERNEL32.dll
 0000:ffff5000       .debug$S                   00400000     kernel32:KERNEL32.dll
 0000:ffff5000       .debug$S                   00400000     kernel32:KERNEL32.dll
 0000:ffff5000       .debug$S                   00400000     kernel32:KERNEL32.dll
 0000:ffff5000       .debug$S                   00400000     kernel32:KERNEL32.dll
 0000:ffff5000       .debug$S                   00400000     kernel32:KERNEL32.dll
 0000:ffff5000       .debug$S                   00400000     kernel32:KERNEL32.dll
 0000:ffff5000       .debug$S                   00400000     kernel32:KERNEL32.dll
 0001:00000624       _scan_for_quote@0          00401624 f   Irvine32:Irvine32.obj
 0001:0000074b       _Initialize@0              0040174b f   Irvine32:Irvine32.obj
 0001:00000b4f       _ReadKeyTranslate@0        00401b4f f   Irvine32:Irvine32.obj
 0001:000011c5       _AsciiDigit@0              004021c5 f   Irvine32:Irvine32.obj
 0001:000011ce       _HexByte@0                 004021ce f   Irvine32:Irvine32.obj
 0001:00002684       $$000000                   00403684     U10516045_ch5_1.obj
 0003:00000000       buffer1                    00406000     U10516045_ch5_1.obj
 0003:00000015       buffer2                    00406015     U10516045_ch5_1.obj
 0003:00000039       buffer3                    00406039     U10516045_ch5_1.obj
 0003:0000005b       buffer4                    0040605b     U10516045_ch5_1.obj
 0003:0000007d       randArray                  0040607d     U10516045_ch5_1.obj
 0003:00000149       targetArray                00406149     U10516045_ch5_1.obj
 0003:00000215       itemcount                  00406215     U10516045_ch5_1.obj
 0003:00000219       lowerbound                 00406219     U10516045_ch5_1.obj
 0003:0000021d       upperbound                 0040621d     U10516045_ch5_1.obj
 0003:00000290       InitFlag                   00406290     Irvine32:Irvine32.obj
 0003:00000291       xtable                     00406291     Irvine32:Irvine32.obj
 0003:000002a1       blanks                     004062a1     Irvine32:Irvine32.obj
 0003:000004a1       attribs                    004064a1     Irvine32:Irvine32.obj
 0003:000008a1       lineLength                 004068a1     Irvine32:Irvine32.obj
 0003:000008a5       cursorLoc                  004068a5     Irvine32:Irvine32.obj
 0003:000008a9       count                      004068a9     Irvine32:Irvine32.obj
 0003:000008ad       ??0002                     004068ad     Irvine32:Irvine32.obj
 0003:000008b2       dumpPrompt                 004068b2     Irvine32:Irvine32.obj
 0003:000008c4       dashLine                   004068c4     Irvine32:Irvine32.obj
 0003:000008e6       ??0003                     004068e6     Irvine32:Irvine32.obj
 0003:000008e9       ??0004                     004068e9     Irvine32:Irvine32.obj
 0003:000008eb       ??0005                     004068eb     Irvine32:Irvine32.obj
 0003:000008ed       saveIP                     004068ed     Irvine32:Irvine32.obj
 0003:000008f1       saveESP                    004068f1     Irvine32:Irvine32.obj
 0003:000008f5       ??0006                     004068f5     Irvine32:Irvine32.obj
 0003:000008fc       ??0007                     004068fc     Irvine32:Irvine32.obj
 0003:00000903       ??0008                     00406903     Irvine32:Irvine32.obj
 0003:0000090a       ??0009                     0040690a     Irvine32:Irvine32.obj
 0003:00000911       ??000A                     00406911     Irvine32:Irvine32.obj
 0003:00000918       ??000B                     00406918     Irvine32:Irvine32.obj
 0003:0000091f       ??000C                     0040691f     Irvine32:Irvine32.obj
 0003:00000926       ??000D                     00406926     Irvine32:Irvine32.obj
 0003:0000092d       ??000E                     0040692d     Irvine32:Irvine32.obj
 0003:00000934       ??000F                     00406934     Irvine32:Irvine32.obj
 0003:0000093b       ??0010                     0040693b     Irvine32:Irvine32.obj
 0003:00000940       ??0011                     00406940     Irvine32:Irvine32.obj
 0003:00000942       ??0013                     00406942     Irvine32:Irvine32.obj
 0003:00000947       ??0014                     00406947     Irvine32:Irvine32.obj
 0003:00000949       ??0016                     00406949     Irvine32:Irvine32.obj
 0003:0000094e       ??0017                     0040694e     Irvine32:Irvine32.obj
 0003:00000950       ??0019                     00406950     Irvine32:Irvine32.obj
 0003:00000955       ??001A                     00406955     Irvine32:Irvine32.obj
 0003:00000957       ??001C                     00406957     Irvine32:Irvine32.obj
 0003:0000095c       ??001D                     0040695c     Irvine32:Irvine32.obj
 0003:0000095e       ??001F                     0040695e     Irvine32:Irvine32.obj
 0003:00000963       ??0020                     00406963     Irvine32:Irvine32.obj
 0003:00000965       _cursorPosition            00406965     Irvine32:Irvine32.obj
 0003:00000969       @zx02abc_def_caption       00406969     Irvine32:Irvine32.obj
 0003:0000096b       @zq02abc_def_caption       0040696b     Irvine32:Irvine32.obj
 0003:0000096d       overflow_msgL              0040696d     Irvine32:Irvine32.obj
 0003:00000988       invalid_msgL               00406988     Irvine32:Irvine32.obj
 0003:0000099b       seed                       0040699b     Irvine32:Irvine32.obj
 0003:0000099f       xbtable                    0040699f     Irvine32:Irvine32.obj
 0003:000009b6       numVal                     004069b6     Irvine32:Irvine32.obj
 0003:000009ba       charVal                    004069ba     Irvine32:Irvine32.obj
 0003:000009bb       evBuffer                   004069bb     Irvine32:Irvine32.obj
 0003:000009cf       evRepeat                   004069cf     Irvine32:Irvine32.obj
 0003:000009d1       SpecialCases               004069d1     Irvine32:Irvine32.obj
 0003:00000a12       _$$temp                    00406a12     Irvine32:Irvine32.obj
 0003:00000a16       waitmsgstr                 00406a16     Irvine32:Irvine32.obj
 0003:00000a33       bufferL                    00406a33     Irvine32:Irvine32.obj
 0003:00000a40       bufferLHB                  00406a40     Irvine32:Irvine32.obj
 0003:00000a49       buffer_B                   00406a49     Irvine32:Irvine32.obj
 0003:00000a56       neg_flag                   00406a56     Irvine32:Irvine32.obj
 0003:00000a57       LblStack                   00406a57     Irvine32:Irvine32.obj
 0003:00000a64       LblFor                     00406a64     Irvine32:Irvine32.obj
 0003:00000a69       LblEbp                     00406a69     Irvine32:Irvine32.obj
 0003:00000a6f       LblParam                   00406a6f     Irvine32:Irvine32.obj
 0003:00000a7c       LblEbpPtr                  00406a7c     Irvine32:Irvine32.obj
 0003:00000a92       LblSaved                   00406a92     Irvine32:Irvine32.obj
 0003:00000aa4       LblLocal                   00406aa4     Irvine32:Irvine32.obj
 0003:00000ab6       LblReturn                  00406ab6     Irvine32:Irvine32.obj
 0003:00000ac8       LblEsp                     00406ac8     Irvine32:Irvine32.obj
 0003:00000ad4       BadStackFrameMsg           00406ad4     Irvine32:Irvine32.obj
 0003:00000aef       NoName                     00406aef     Irvine32:Irvine32.obj
 0003:00000af0       WriteToFile_1              00406af0     Irvine32:Irvine32.obj
 0003:00000af4       WriteWindowsMsg_1          00406af4     Irvine32:Irvine32.obj
 0003:00000afb       WriteWindowsMsg_2          00406afb     Irvine32:Irvine32.obj
 0003:00000afe       pErrorMsg                  00406afe     Irvine32:Irvine32.obj
 0003:00000b02       messageId                  00406b02     Irvine32:Irvine32.obj
 0003:00000dc0       consoleInHandle            00406dc0     Irvine32:Irvine32.obj
 0003:00000dc4       consoleOutHandle           00406dc4     Irvine32:Irvine32.obj
 0003:00000dc8       bytesWritten               00406dc8     Irvine32:Irvine32.obj
 0003:00000dcc       eflags                     00406dcc     Irvine32:Irvine32.obj
 0003:00000dd0       digitBuffer                00406dd0     Irvine32:Irvine32.obj
 0003:00000e21       buffer                     00406e21     Irvine32:Irvine32.obj
 0003:00001021       bytesRead                  00407021     Irvine32:Irvine32.obj
 0003:00001025       sysTime                    00407025     Irvine32:Irvine32.obj
 0004:000003d6       .idata$6                   004083d6     kernel32:KERNEL32.dll
 0004:000003f2       .idata$6                   004083f2     user32:USER32.dll
 0005:00000170       $R000000                   00409170     * linker generated manifest res *
