 U10516045_ch8_1

 Timestamp is 5bfb67fc (Mon Nov 26 11:26:52 2018)

 Preferred load address is 00400000

 Start         Length     Name                   Class
 0001:00000000 00002684H .text                   CODE
 0001:00002684 00001215H .text$mn                CODE
 0002:00000000 00000144H .rdata                  DATA
 0002:00000143 00000000H .edata                  DATA
 0002:00000144 00000190H .rdata$zzzdbg           DATA
 0003:00000000 00000be0H .data                   DATA
 0003:00000be0 000002f2H .bss                    DATA
 0004:00000000 000000d8H .idata$5                DATA
 0004:000000d8 00000028H .idata$2                DATA
 0004:00000100 00000014H .idata$3                DATA
 0004:00000114 000000d8H .idata$4                DATA
 0004:000001ec 00000347H .idata$6                DATA
 0005:00000000 00000170H .rsrc$01                DATA
 0005:00000170 000002ccH .rsrc$02                DATA

  Address         Publics by Value              Rva+Base       Lib:Object

 0000:00000000       ___guard_fids_count        00000000     <absolute>
 0000:00000000       ___hybrid_code_map         00000000     <absolute>
 0000:00000000       ___enclave_config          00000000     <absolute>
 0000:00000000       ___hybrid_code_map_count   00000000     <absolute>
 0000:00000000       ___guard_fids_table        00000000     <absolute>
 0000:00000000       ___guard_longjmp_count     00000000     <absolute>
 0000:00000000       ___safe_se_handler_table   00000000     <absolute>
 0000:00000000       ___hybrid_auxiliary_iat    00000000     <absolute>
 0000:00000000       ___guard_longjmp_table     00000000     <absolute>
 0000:00000000       ___guard_iat_count         00000000     <absolute>
 0000:00000000       ___safe_se_handler_count   00000000     <absolute>
 0000:00000000       ___dynamic_value_reloc_table 00000000     <absolute>
 0000:00000000       ___guard_iat_table         00000000     <absolute>
 0000:00000000       ___guard_flags             00000000     <absolute>
 0001:00000230       _CloseFile@0               00401230 f   irvine32:Irvine32.obj
 0001:00000237       _Clrscr@0                  00401237 f   irvine32:Irvine32.obj
 0001:000002fc       _CreateOutputFile@0        004012fc f   irvine32:Irvine32.obj
 0001:00000315       _Crlf@0                    00401315 f   irvine32:Irvine32.obj
 0001:00000330       _Delay@0                   00401330 f   irvine32:Irvine32.obj
 0001:00000339       _DumpMem@0                 00401339 f   irvine32:Irvine32.obj
 0001:000003f4       _DumpRegs@0                004013f4 f   irvine32:Irvine32.obj
 0001:000005ef       _GetCommandTail@0          004015ef f   irvine32:Irvine32.obj
 0001:0000062c       _GetDateTime@4             0040162c f   irvine32:Irvine32.obj
 0001:0000065e       _GetMaxXY@0                0040165e f   irvine32:Irvine32.obj
 0001:0000068d       _GetMseconds@0             0040168d f   irvine32:Irvine32.obj
 0001:000006ea       _GetTextColor@0            004016ea f   irvine32:Irvine32.obj
 0001:00000715       _Gotoxy@0                  00401715 f   irvine32:Irvine32.obj
 0001:0000076d       _IsDigit@0                 0040176d f   irvine32:Irvine32.obj
 0001:0000077a       _MsgBox@0                  0040177a f   irvine32:Irvine32.obj
 0001:00000791       _MsgBoxAsk@0               00401791 f   irvine32:Irvine32.obj
 0001:000007b0       _OpenInputFile@0           004017b0 f   irvine32:Irvine32.obj
 0001:000007c9       _ParseDecimal32@0          004017c9 f   irvine32:Irvine32.obj
 0001:0000082b       _ParseInteger32@0          0040182b f   irvine32:Irvine32.obj
 0001:000008e6       _Random32@0                004018e6 f   irvine32:Irvine32.obj
 0001:00000901       _RandomRange@0             00401901 f   irvine32:Irvine32.obj
 0001:00000916       _Randomize@0               00401916 f   irvine32:Irvine32.obj
 0001:0000092f       _ReadChar@0                0040192f f   irvine32:Irvine32.obj
 0001:00000945       _ReadDec@0                 00401945 f   irvine32:Irvine32.obj
 0001:00000960       _ReadFromFile@0            00401960 f   irvine32:Irvine32.obj
 0001:00000983       _ReadHex@0                 00401983 f   irvine32:Irvine32.obj
 0001:00000a04       _ReadInt@0                 00401a04 f   irvine32:Irvine32.obj
 0001:00000a1f       _ReadKey@0                 00401a1f f   irvine32:Irvine32.obj
 0001:00000b3a       _ReadKeyFlush@0            00401b3a f   irvine32:Irvine32.obj
 0001:00000c08       _ReadString@0              00401c08 f   irvine32:Irvine32.obj
 0001:00000cc1       _SetTextColor@0            00401cc1 f   irvine32:Irvine32.obj
 0001:00000ce2       _StrLength@0               00401ce2 f   irvine32:Irvine32.obj
 0001:00000cf3       _Str_compare@8             00401cf3 f   irvine32:Irvine32.obj
 0001:00000d1d       _Str_copy@8                00401d1d f   irvine32:Irvine32.obj
 0001:00000d40       _Str_length@4              00401d40 f   irvine32:Irvine32.obj
 0001:00000d5a       _Str_trim@8                00401d5a f   irvine32:Irvine32.obj
 0001:00000d88       _Str_ucase@4               00401d88 f   irvine32:Irvine32.obj
 0001:00000daa       _WaitMsg@0                 00401daa f   irvine32:Irvine32.obj
 0001:00000dbc       _WriteBin@0                00401dbc f   irvine32:Irvine32.obj
 0001:00000dc9       _WriteBinB@0               00401dc9 f   irvine32:Irvine32.obj
 0001:00000e1c       _WriteChar@0               00401e1c f   irvine32:Irvine32.obj
 0001:00000e4e       _WriteDec@0                00401e4e f   irvine32:Irvine32.obj
 0001:00000e8f       _WriteHex@0                00401e8f f   irvine32:Irvine32.obj
 0001:00000e9c       _WriteHexB@0               00401e9c f   irvine32:Irvine32.obj
 0001:00000f2e       _WriteInt@0                00401f2e f   irvine32:Irvine32.obj
 0001:00000f8f       _WriteStackFrameName@16    00401f8f f   irvine32:Irvine32.obj
 0001:0000110f       _WriteStackFrame@12        0040210f f   irvine32:Irvine32.obj
 0001:00001129       _WriteString@0             00402129 f   irvine32:Irvine32.obj
 0001:00001155       _WriteToFile@0             00402155 f   irvine32:Irvine32.obj
 0001:0000116a       _WriteWindowsMsg@0         0040216a f   irvine32:Irvine32.obj
 0001:00002684       _main@0                    00403684 f   U10516045_CH8_1.obj
 0001:000026ea       _MySample@12               004036ea f   U10516045_CH8_1.obj
 0001:0000271a       _ShowParams@4              0040371a f   U10516045_CH8_1.obj
 0001:0000276b       _CalcGcd@8                 0040376b f   U10516045_CH8_1.obj
 0001:000027cf       _ExitProcess@4             004037cf f   kernel32:KERNEL32.dll
 0001:000027d5       _CloseHandle@4             004037d5 f   kernel32:KERNEL32.dll
 0001:000027db       _CreateFileA@28            004037db f   kernel32:KERNEL32.dll
 0001:000027e1       _FormatMessageA@28         004037e1 f   kernel32:KERNEL32.dll
 0001:000027e7       _FlushConsoleInputBuffer@4 004037e7 f   kernel32:KERNEL32.dll
 0001:000027ed       _GetCommandLineA@0         004037ed f   kernel32:KERNEL32.dll
 0001:000027f3       _GetConsoleMode@8          004037f3 f   kernel32:KERNEL32.dll
 0001:000027f9       _GetConsoleScreenBufferInfo@8 004037f9 f   kernel32:KERNEL32.dll
 0001:000027ff       _GetLastError@0            004037ff f   kernel32:KERNEL32.dll
 0001:00002805       _GetLocalTime@4            00403805 f   kernel32:KERNEL32.dll
 0001:0000280b       _GetStdHandle@4            0040380b f   kernel32:KERNEL32.dll
 0001:00002811       _GetSystemTime@4           00403811 f   kernel32:KERNEL32.dll
 0001:00002817       _LocalFree@4               00403817 f   kernel32:KERNEL32.dll
 0001:0000281d       _PeekConsoleInputA@16      0040381d f   kernel32:KERNEL32.dll
 0001:00002823       _ReadConsoleA@20           00403823 f   kernel32:KERNEL32.dll
 0001:00002829       _ReadConsoleInputA@16      00403829 f   kernel32:KERNEL32.dll
 0001:0000282f       _ReadFile@20               0040382f f   kernel32:KERNEL32.dll
 0001:00002835       _SetConsoleCursorPosition@8 00403835 f   kernel32:KERNEL32.dll
 0001:0000283b       _SetConsoleMode@8          0040383b f   kernel32:KERNEL32.dll
 0001:00002841       _SetConsoleTextAttribute@8 00403841 f   kernel32:KERNEL32.dll
 0001:00002847       _Sleep@4                   00403847 f   kernel32:KERNEL32.dll
 0001:0000284d       _SystemTimeToFileTime@8    0040384d f   kernel32:KERNEL32.dll
 0001:00002853       _WriteConsoleA@20          00403853 f   kernel32:KERNEL32.dll
 0001:00002859       _WriteConsoleOutputCharacterA@20 00403859 f   kernel32:KERNEL32.dll
 0001:0000285f       _WriteConsoleOutputAttribute@20 0040385f f   kernel32:KERNEL32.dll
 0001:00002865       _WriteFile@20              00403865 f   kernel32:KERNEL32.dll
 0001:0000286b       _MessageBoxA@16            0040386b f   user32:USER32.dll
 0004:00000000       __imp__ExitProcess@4       00407000     kernel32:KERNEL32.dll
 0004:00000004       __imp__CloseHandle@4       00407004     kernel32:KERNEL32.dll
 0004:00000008       __imp__CreateFileA@28      00407008     kernel32:KERNEL32.dll
 0004:0000000c       __imp__FormatMessageA@28   0040700c     kernel32:KERNEL32.dll
 0004:00000010       __imp__FlushConsoleInputBuffer@4 00407010     kernel32:KERNEL32.dll
 0004:00000014       __imp__GetCommandLineA@0   00407014     kernel32:KERNEL32.dll
 0004:00000018       __imp__GetConsoleMode@8    00407018     kernel32:KERNEL32.dll
 0004:0000001c       __imp__GetConsoleScreenBufferInfo@8 0040701c     kernel32:KERNEL32.dll
 0004:00000020       __imp__GetLastError@0      00407020     kernel32:KERNEL32.dll
 0004:00000024       __imp__GetLocalTime@4      00407024     kernel32:KERNEL32.dll
 0004:00000028       __imp__GetStdHandle@4      00407028     kernel32:KERNEL32.dll
 0004:0000002c       __imp__GetSystemTime@4     0040702c     kernel32:KERNEL32.dll
 0004:00000030       __imp__LocalFree@4         00407030     kernel32:KERNEL32.dll
 0004:00000034       __imp__PeekConsoleInputA@16 00407034     kernel32:KERNEL32.dll
 0004:00000038       __imp__ReadConsoleA@20     00407038     kernel32:KERNEL32.dll
 0004:0000003c       __imp__ReadConsoleInputA@16 0040703c     kernel32:KERNEL32.dll
 0004:00000040       __imp__ReadFile@20         00407040     kernel32:KERNEL32.dll
 0004:00000044       __imp__SetConsoleCursorPosition@8 00407044     kernel32:KERNEL32.dll
 0004:00000048       __imp__SetConsoleMode@8    00407048     kernel32:KERNEL32.dll
 0004:0000004c       __imp__SetConsoleTextAttribute@8 0040704c     kernel32:KERNEL32.dll
 0004:00000050       __imp__Sleep@4             00407050     kernel32:KERNEL32.dll
 0004:00000054       __imp__SystemTimeToFileTime@8 00407054     kernel32:KERNEL32.dll
 0004:00000058       __imp__WriteConsoleA@20    00407058     kernel32:KERNEL32.dll
 0004:0000005c       __imp__WriteConsoleOutputCharacterA@20 0040705c     kernel32:KERNEL32.dll
 0004:00000060       __imp__WriteConsoleOutputAttribute@20 00407060     kernel32:KERNEL32.dll
 0004:00000064       __imp__WriteFile@20        00407064     kernel32:KERNEL32.dll
 0004:00000068       \177KERNEL32_NULL_THUNK_DATA 00407068     kernel32:KERNEL32.dll
 0004:000000a8       __imp__MessageBoxA@16      004070a8     user32:USER32.dll
 0004:000000ac       \177USER32_NULL_THUNK_DATA 004070ac     user32:USER32.dll
 0004:000000d8       __IMPORT_DESCRIPTOR_KERNEL32 004070d8     kernel32:KERNEL32.dll
 0004:000000ec       __IMPORT_DESCRIPTOR_USER32 004070ec     user32:USER32.dll
 0004:00000100       __NULL_IMPORT_DESCRIPTOR   00407100     kernel32:KERNEL32.dll

 entry point at        0001:0000005a

 Static symbols

 0000:ffff6000       .debug$S                   00400000     kernel32:KERNEL32.dll
 0000:ffff6000       .debug$S                   00400000     kernel32:KERNEL32.dll
 0000:ffff6000       .debug$S                   00400000     user32:USER32.dll
 0000:ffff6000       .debug$S                   00400000     kernel32:KERNEL32.dll
 0000:ffff6000       .debug$S                   00400000     kernel32:KERNEL32.dll
 0000:ffff6000       .debug$S                   00400000     kernel32:KERNEL32.dll
 0000:ffff6000       .debug$S                   00400000     kernel32:KERNEL32.dll
 0000:ffff6000       .debug$S                   00400000     kernel32:KERNEL32.dll
 0000:ffff6000       .debug$S                   00400000     kernel32:KERNEL32.dll
 0000:ffff6000       .debug$S                   00400000     kernel32:KERNEL32.dll
 0000:ffff6000       .debug$S                   00400000     kernel32:KERNEL32.dll
 0000:ffff6000       .debug$S                   00400000     kernel32:KERNEL32.dll
 0000:ffff6000       .debug$S                   00400000     kernel32:KERNEL32.dll
 0000:ffff6000       .debug$S                   00400000     kernel32:KERNEL32.dll
 0000:ffff6000       .debug$S                   00400000     kernel32:KERNEL32.dll
 0000:ffff6000       .debug$S                   00400000     kernel32:KERNEL32.dll
 0000:ffff6000       .debug$S                   00400000     kernel32:KERNEL32.dll
 0000:ffff6000       .debug$S                   00400000     kernel32:KERNEL32.dll
 0000:ffff6000       .debug$S                   00400000     kernel32:KERNEL32.dll
 0000:ffff6000       .debug$S                   00400000     kernel32:KERNEL32.dll
 0000:ffff6000       .debug$S                   00400000     kernel32:KERNEL32.dll
 0000:ffff6000       .debug$S                   00400000     kernel32:KERNEL32.dll
 0000:ffff6000       .debug$S                   00400000     kernel32:KERNEL32.dll
 0000:ffff6000       .debug$S                   00400000     kernel32:KERNEL32.dll
 0000:ffff6000       .debug$S                   00400000     kernel32:KERNEL32.dll
 0000:ffff6000       .debug$S                   00400000     kernel32:KERNEL32.dll
 0000:ffff6000       .debug$S                   00400000     kernel32:KERNEL32.dll
 0001:00000624       _scan_for_quote@0          00401624 f   irvine32:Irvine32.obj
 0001:0000074b       _Initialize@0              0040174b f   irvine32:Irvine32.obj
 0001:00000b4f       _ReadKeyTranslate@0        00401b4f f   irvine32:Irvine32.obj
 0001:000011c5       _AsciiDigit@0              004021c5 f   irvine32:Irvine32.obj
 0001:000011ce       _HexByte@0                 004021ce f   irvine32:Irvine32.obj
 0001:00002684       $$000000                   00403684     U10516045_CH8_1.obj
 0003:00000000       msg1                       00406000     U10516045_CH8_1.obj
 0003:00000020       inval1                     00406020     U10516045_CH8_1.obj
 0003:00000024       msg2                       00406024     U10516045_CH8_1.obj
 0003:00000045       inval2                     00406045     U10516045_CH8_1.obj
 0003:00000049       str1                       00406049     U10516045_CH8_1.obj
 0003:00000052       str2                       00406052     U10516045_CH8_1.obj
 0003:00000056       str3                       00406056     U10516045_CH8_1.obj
 0003:000000b0       InitFlag                   004060b0     irvine32:Irvine32.obj
 0003:000000b1       xtable                     004060b1     irvine32:Irvine32.obj
 0003:000000c1       blanks                     004060c1     irvine32:Irvine32.obj
 0003:000002c1       attribs                    004062c1     irvine32:Irvine32.obj
 0003:000006c1       lineLength                 004066c1     irvine32:Irvine32.obj
 0003:000006c5       cursorLoc                  004066c5     irvine32:Irvine32.obj
 0003:000006c9       count                      004066c9     irvine32:Irvine32.obj
 0003:000006cd       ??0002                     004066cd     irvine32:Irvine32.obj
 0003:000006d2       dumpPrompt                 004066d2     irvine32:Irvine32.obj
 0003:000006e4       dashLine                   004066e4     irvine32:Irvine32.obj
 0003:00000706       ??0003                     00406706     irvine32:Irvine32.obj
 0003:00000709       ??0004                     00406709     irvine32:Irvine32.obj
 0003:0000070b       ??0005                     0040670b     irvine32:Irvine32.obj
 0003:0000070d       saveIP                     0040670d     irvine32:Irvine32.obj
 0003:00000711       saveESP                    00406711     irvine32:Irvine32.obj
 0003:00000715       ??0006                     00406715     irvine32:Irvine32.obj
 0003:0000071c       ??0007                     0040671c     irvine32:Irvine32.obj
 0003:00000723       ??0008                     00406723     irvine32:Irvine32.obj
 0003:0000072a       ??0009                     0040672a     irvine32:Irvine32.obj
 0003:00000731       ??000A                     00406731     irvine32:Irvine32.obj
 0003:00000738       ??000B                     00406738     irvine32:Irvine32.obj
 0003:0000073f       ??000C                     0040673f     irvine32:Irvine32.obj
 0003:00000746       ??000D                     00406746     irvine32:Irvine32.obj
 0003:0000074d       ??000E                     0040674d     irvine32:Irvine32.obj
 0003:00000754       ??000F                     00406754     irvine32:Irvine32.obj
 0003:0000075b       ??0010                     0040675b     irvine32:Irvine32.obj
 0003:00000760       ??0011                     00406760     irvine32:Irvine32.obj
 0003:00000762       ??0013                     00406762     irvine32:Irvine32.obj
 0003:00000767       ??0014                     00406767     irvine32:Irvine32.obj
 0003:00000769       ??0016                     00406769     irvine32:Irvine32.obj
 0003:0000076e       ??0017                     0040676e     irvine32:Irvine32.obj
 0003:00000770       ??0019                     00406770     irvine32:Irvine32.obj
 0003:00000775       ??001A                     00406775     irvine32:Irvine32.obj
 0003:00000777       ??001C                     00406777     irvine32:Irvine32.obj
 0003:0000077c       ??001D                     0040677c     irvine32:Irvine32.obj
 0003:0000077e       ??001F                     0040677e     irvine32:Irvine32.obj
 0003:00000783       ??0020                     00406783     irvine32:Irvine32.obj
 0003:00000785       _cursorPosition            00406785     irvine32:Irvine32.obj
 0003:00000789       @zx02abc_def_caption       00406789     irvine32:Irvine32.obj
 0003:0000078b       @zq02abc_def_caption       0040678b     irvine32:Irvine32.obj
 0003:0000078d       overflow_msgL              0040678d     irvine32:Irvine32.obj
 0003:000007a8       invalid_msgL               004067a8     irvine32:Irvine32.obj
 0003:000007bb       seed                       004067bb     irvine32:Irvine32.obj
 0003:000007bf       xbtable                    004067bf     irvine32:Irvine32.obj
 0003:000007d6       numVal                     004067d6     irvine32:Irvine32.obj
 0003:000007da       charVal                    004067da     irvine32:Irvine32.obj
 0003:000007db       evBuffer                   004067db     irvine32:Irvine32.obj
 0003:000007ef       evRepeat                   004067ef     irvine32:Irvine32.obj
 0003:000007f1       SpecialCases               004067f1     irvine32:Irvine32.obj
 0003:00000832       _$$temp                    00406832     irvine32:Irvine32.obj
 0003:00000836       waitmsgstr                 00406836     irvine32:Irvine32.obj
 0003:00000853       bufferL                    00406853     irvine32:Irvine32.obj
 0003:00000860       bufferLHB                  00406860     irvine32:Irvine32.obj
 0003:00000869       buffer_B                   00406869     irvine32:Irvine32.obj
 0003:00000876       neg_flag                   00406876     irvine32:Irvine32.obj
 0003:00000877       LblStack                   00406877     irvine32:Irvine32.obj
 0003:00000884       LblFor                     00406884     irvine32:Irvine32.obj
 0003:00000889       LblEbp                     00406889     irvine32:Irvine32.obj
 0003:0000088f       LblParam                   0040688f     irvine32:Irvine32.obj
 0003:0000089c       LblEbpPtr                  0040689c     irvine32:Irvine32.obj
 0003:000008b2       LblSaved                   004068b2     irvine32:Irvine32.obj
 0003:000008c4       LblLocal                   004068c4     irvine32:Irvine32.obj
 0003:000008d6       LblReturn                  004068d6     irvine32:Irvine32.obj
 0003:000008e8       LblEsp                     004068e8     irvine32:Irvine32.obj
 0003:000008f4       BadStackFrameMsg           004068f4     irvine32:Irvine32.obj
 0003:0000090f       NoName                     0040690f     irvine32:Irvine32.obj
 0003:00000910       WriteToFile_1              00406910     irvine32:Irvine32.obj
 0003:00000914       WriteWindowsMsg_1          00406914     irvine32:Irvine32.obj
 0003:0000091b       WriteWindowsMsg_2          0040691b     irvine32:Irvine32.obj
 0003:0000091e       pErrorMsg                  0040691e     irvine32:Irvine32.obj
 0003:00000922       messageId                  00406922     irvine32:Irvine32.obj
 0003:00000be0       consoleInHandle            00406be0     irvine32:Irvine32.obj
 0003:00000be4       consoleOutHandle           00406be4     irvine32:Irvine32.obj
 0003:00000be8       bytesWritten               00406be8     irvine32:Irvine32.obj
 0003:00000bec       eflags                     00406bec     irvine32:Irvine32.obj
 0003:00000bf0       digitBuffer                00406bf0     irvine32:Irvine32.obj
 0003:00000c41       buffer                     00406c41     irvine32:Irvine32.obj
 0003:00000e41       bytesRead                  00406e41     irvine32:Irvine32.obj
 0003:00000e45       sysTime                    00406e45     irvine32:Irvine32.obj
 0004:000003d6       .idata$6                   004073d6     kernel32:KERNEL32.dll
 0004:000003f2       .idata$6                   004073f2     user32:USER32.dll
 0005:00000170       $R000000                   00408170     * linker generated manifest res *
